// Jest Snapshot v1, https://goo.gl/fbAQLP

exports[`renders correctly 1`] = `
<div
  className="layout"
>
  <header>
    <div
      className="container"
    >
      <div
        className="navbar navbar-expand-md navbar-dark"
      >
        <div
          className="container-fluid"
        >
          <a
            className="navbar-brand mx-auto"
            href="/"
            onClick={[Function]}
          >
            Andrey Pudov
          </a>
          <button
            aria-controls="navbarMain"
            aria-expanded="false"
            aria-label="Toggle navigation"
            className="navbar-toggler"
            data-bs-target="#navbarMain"
            data-bs-toggle="collapse"
            type="button"
          >
            <span
              className="navbar-toggler-icon"
            />
          </button>
          <div
            className="collapse navbar-collapse justify-content-sm-center"
            id="navbarMain"
          >
            <ul
              className="navbar-nav"
            >
              <li
                className="nav-item"
              >
                <a
                  className="nav-link"
                  href="/albums"
                  onClick={[Function]}
                >
                  Albums
                </a>
              </li>
              <li
                className="nav-item"
              >
                <a
                  className="nav-link"
                  href="/contents"
                  onClick={[Function]}
                >
                  Contents
                </a>
              </li>
              <li
                className="nav-item"
              >
                <a
                  className="nav-link"
                  href="/resume"
                  onClick={[Function]}
                >
                  Resume
                </a>
              </li>
              <li
                className="nav-item"
              >
                <a
                  className="nav-link"
                  href="/contact"
                  onClick={[Function]}
                >
                  Contact
                </a>
              </li>
            </ul>
          </div>
        </div>
      </div>
    </div>
  </header>
  <main>
    <div
      className="container"
    >
      <h1>
        Alina Cherdakova
        <small
          className="text-muted"
        >
          Saturday, August 18, 2018
        </small>
      </h1>
      <figure>
        <img
          alt="Andrey Pudov Alina Cherdakova"
          className="img-responsive gallery-image"
          src="/photographs/2018-08-18/2018-08-18_001.webp"
        />
      </figure>
      <figure>
        <img
          alt="Andrey Pudov Alina Cherdakova"
          className="img-responsive gallery-image"
          src="/photographs/2018-08-18/2018-08-18_002.webp"
        />
      </figure>
      <figure>
        <img
          alt="Andrey Pudov Alina Cherdakova"
          className="img-responsive gallery-image"
          src="/photographs/2018-08-18/2018-08-18_003.webp"
        />
      </figure>
      <figure>
        <img
          alt="Andrey Pudov Alina Cherdakova"
          className="img-responsive gallery-image vertical"
          src="/photographs/2018-08-18/2018-08-18_004.webp"
        />
      </figure>
      <figure>
        <img
          alt="Andrey Pudov Alina Cherdakova"
          className="img-responsive gallery-image vertical"
          src="/photographs/2018-08-18/2018-08-18_005.webp"
        />
      </figure>
      <figure>
        <img
          alt="Andrey Pudov Alina Cherdakova"
          className="img-responsive gallery-image"
          src="/photographs/2018-08-18/2018-08-18_006.webp"
        />
      </figure>
      <figure>
        <img
          alt="Andrey Pudov Alina Cherdakova"
          className="img-responsive gallery-image"
          src="/photographs/2018-08-18/2018-08-18_007.webp"
        />
      </figure>
      <figure>
        <img
          alt="Andrey Pudov Alina Cherdakova"
          className="img-responsive gallery-image"
          src="/photographs/2018-08-18/2018-08-18_008.webp"
        />
      </figure>
      <figure>
        <img
          alt="Andrey Pudov Alina Cherdakova"
          className="img-responsive gallery-image"
          src="/photographs/2018-08-18/2018-08-18_009.webp"
        />
      </figure>
      <figure>
        <img
          alt="Andrey Pudov Alina Cherdakova"
          className="img-responsive gallery-image"
          src="/photographs/2018-08-18/2018-08-18_010.webp"
        />
      </figure>
      <figure>
        <img
          alt="Andrey Pudov Alina Cherdakova"
          className="img-responsive gallery-image"
          src="/photographs/2018-08-18/2018-08-18_011.webp"
        />
      </figure>
      <figure>
        <img
          alt="Andrey Pudov Alina Cherdakova"
          className="img-responsive gallery-image"
          src="/photographs/2018-08-18/2018-08-18_012.webp"
        />
      </figure>
      <figure>
        <img
          alt="Andrey Pudov Alina Cherdakova"
          className="img-responsive gallery-image"
          src="/photographs/2018-08-18/2018-08-18_013.webp"
        />
      </figure>
      <figure>
        <img
          alt="Andrey Pudov Alina Cherdakova"
          className="img-responsive gallery-image vertical"
          src="/photographs/2018-08-18/2018-08-18_014.webp"
        />
      </figure>
      <figure>
        <img
          alt="Andrey Pudov Alina Cherdakova"
          className="img-responsive gallery-image"
          src="/photographs/2018-08-18/2018-08-18_015.webp"
        />
      </figure>
      <figure>
        <img
          alt="Andrey Pudov Alina Cherdakova"
          className="img-responsive gallery-image"
          src="/photographs/2018-08-18/2018-08-18_016.webp"
        />
      </figure>
      <figure>
        <img
          alt="Andrey Pudov Alina Cherdakova"
          className="img-responsive gallery-image"
          src="/photographs/2018-08-18/2018-08-18_017.webp"
        />
      </figure>
      <figure>
        <img
          alt="Andrey Pudov Alina Cherdakova"
          className="img-responsive gallery-image"
          src="/photographs/2018-08-18/2018-08-18_018.webp"
        />
      </figure>
      <figure>
        <img
          alt="Andrey Pudov Alina Cherdakova"
          className="img-responsive gallery-image"
          src="/photographs/2018-08-18/2018-08-18_019.webp"
        />
      </figure>
      <figure>
        <img
          alt="Andrey Pudov Alina Cherdakova"
          className="img-responsive gallery-image vertical"
          src="/photographs/2018-08-18/2018-08-18_020.webp"
        />
      </figure>
      <figure>
        <img
          alt="Andrey Pudov Alina Cherdakova"
          className="img-responsive gallery-image vertical"
          src="/photographs/2018-08-18/2018-08-18_021.webp"
        />
      </figure>
      <figure>
        <img
          alt="Andrey Pudov Alina Cherdakova"
          className="img-responsive gallery-image"
          src="/photographs/2018-08-18/2018-08-18_022.webp"
        />
      </figure>
      <figure>
        <img
          alt="Andrey Pudov Alina Cherdakova"
          className="img-responsive gallery-image"
          src="/photographs/2018-08-18/2018-08-18_023.webp"
        />
      </figure>
      <figure>
        <img
          alt="Andrey Pudov Alina Cherdakova"
          className="img-responsive gallery-image vertical"
          src="/photographs/2018-08-18/2018-08-18_024.webp"
        />
      </figure>
    </div>
  </main>
  <footer>
    <div
      className="container"
    >
      <hr
        className="footer-divider"
      />
      <ul
        className="piped-links float-end"
      >
        <li
          className="first piped-links-short"
        >
          <a
            href="/resume"
            onClick={[Function]}
          >
            About
          </a>
        </li>
        <li
          className="first piped-links-long"
        >
          <a
            href="/resume"
            onClick={[Function]}
          >
            About Andrey Pudov
          </a>
        </li>
        <li>
          <a
            href="/contact"
            onClick={[Function]}
          >
            Contact
          </a>
        </li>
      </ul>
      <ul
        className="piped-links"
      >
        <p
          className="piped-links-long"
        >
          Copyright © 2022 Andrey Pudov. All rights reserved.
        </p>
        <p
          className="piped-links-short"
        >
          © 2022 Andrey Pudov. All rights reserved.
        </p>
      </ul>
    </div>
    <script
      src="libraries/jquery/jquery-1.11.3.min.js"
    />
    <script
      src="libraries/bootstrap/js/collapse.js"
    />
    <script
      src="libraries/bootstrap/js/dropdown.js"
    />
    <script
      src="libraries/bootstrap/js/transition.js"
    />
    <script
      src="libraries/bootstrap/js/carousel.js"
    />
    <script
      src="scripts/init.js"
    />
  </footer>
</div>
`;
