// Jest Snapshot v1, https://goo.gl/fbAQLP

exports[`renders correctly 1`] = `
<div
  className="layout"
>
  <header>
    <div
      className="container"
    >
      <div
        className="navbar navbar-expand-md navbar-dark"
      >
        <div
          className="container-fluid"
        >
          <a
            className="navbar-brand mx-auto"
            href="/"
            onClick={[Function]}
          >
            Andrey Pudov
          </a>
          <button
            aria-controls="navbarMain"
            aria-expanded="false"
            aria-label="Toggle navigation"
            className="navbar-toggler"
            data-bs-target="#navbarMain"
            data-bs-toggle="collapse"
            type="button"
          >
            <span
              className="navbar-toggler-icon"
            />
          </button>
          <div
            className="collapse navbar-collapse justify-content-sm-center"
            id="navbarMain"
          >
            <ul
              className="navbar-nav"
            >
              <li
                className="nav-item"
              >
                <a
                  className="nav-link"
                  href="/albums"
                  onClick={[Function]}
                >
                  Albums
                </a>
              </li>
              <li
                className="nav-item"
              >
                <a
                  className="nav-link"
                  href="/contents"
                  onClick={[Function]}
                >
                  Contents
                </a>
              </li>
              <li
                className="nav-item"
              >
                <a
                  className="nav-link"
                  href="/resume"
                  onClick={[Function]}
                >
                  Resume
                </a>
              </li>
              <li
                className="nav-item"
              >
                <a
                  className="nav-link"
                  href="/contact"
                  onClick={[Function]}
                >
                  Contact
                </a>
              </li>
            </ul>
          </div>
        </div>
      </div>
    </div>
  </header>
  <main>
    <div
      className="container"
    >
      <h1>
        Altay. Conquering Siberia 2.0
        <small
          className="text-muted"
        >
          Monday, August 24, 2020
        </small>
      </h1>
      <figure>
        <img
          alt="Andrey Pudov Altay. Conquering Siberia 2.0"
          className="img-responsive gallery-image"
          src="/photographs/2020-07-19_08-04/2020-07-19_08-04_008.webp"
        />
      </figure>
      <figure>
        <img
          alt="Andrey Pudov Altay. Conquering Siberia 2.0"
          className="img-responsive gallery-image"
          src="/photographs/2020-07-19_08-04/2020-07-19_08-04_010.webp"
        />
        <figcaption
          className="image-caption"
        >
          Mountain Devils Thumb
        </figcaption>
      </figure>
      <figure>
        <img
          alt="Andrey Pudov Altay. Conquering Siberia 2.0"
          className="img-responsive gallery-image"
          src="/photographs/2020-07-19_08-04/2020-07-19_08-04_011.webp"
        />
      </figure>
      <figure>
        <img
          alt="Andrey Pudov Altay. Conquering Siberia 2.0"
          className="img-responsive gallery-image"
          src="/photographs/2020-07-19_08-04/2020-07-19_08-04_013.webp"
        />
        <figcaption
          className="image-caption"
        >
          Katun River
        </figcaption>
      </figure>
      <figure>
        <img
          alt="Andrey Pudov Altay. Conquering Siberia 2.0"
          className="img-responsive gallery-image"
          src="/photographs/2020-07-19_08-04/2020-07-19_08-04_014.webp"
        />
      </figure>
      <figure>
        <img
          alt="Andrey Pudov Altay. Conquering Siberia 2.0"
          className="img-responsive gallery-image"
          src="/photographs/2020-07-19_08-04/2020-07-19_08-04_015.webp"
        />
        <figcaption
          className="image-caption"
        >
          Puchina Lake
        </figcaption>
      </figure>
      <figure>
        <img
          alt="Andrey Pudov Altay. Conquering Siberia 2.0"
          className="img-responsive gallery-image"
          src="/photographs/2020-07-19_08-04/2020-07-19_08-04_019.webp"
        />
        <figcaption
          className="image-caption"
        >
          Chemal Hydroelectric Power Station
        </figcaption>
      </figure>
      <figure>
        <img
          alt="Andrey Pudov Altay. Conquering Siberia 2.0"
          className="img-responsive gallery-image"
          src="/photographs/2020-07-19_08-04/2020-07-19_08-04_020.webp"
        />
        <figcaption
          className="image-caption"
        >
          Monastery in Patmos
        </figcaption>
      </figure>
      <figure>
        <img
          alt="Andrey Pudov Altay. Conquering Siberia 2.0"
          className="img-responsive gallery-image"
          src="/photographs/2020-07-19_08-04/2020-07-19_08-04_022.webp"
        />
      </figure>
      <figure>
        <img
          alt="Andrey Pudov Altay. Conquering Siberia 2.0"
          className="img-responsive gallery-image"
          src="/photographs/2020-07-19_08-04/2020-07-19_08-04_024.webp"
        />
      </figure>
      <figure>
        <img
          alt="Andrey Pudov Altay. Conquering Siberia 2.0"
          className="img-responsive gallery-image"
          src="/photographs/2020-07-19_08-04/2020-07-19_08-04_026.webp"
        />
        <figcaption
          className="image-caption"
        >
          Ininsky Suspension Bridge
        </figcaption>
      </figure>
      <figure>
        <img
          alt="Andrey Pudov Altay. Conquering Siberia 2.0"
          className="img-responsive gallery-image"
          src="/photographs/2020-07-19_08-04/2020-07-19_08-04_027.webp"
        />
      </figure>
      <figure>
        <img
          alt="Andrey Pudov Altay. Conquering Siberia 2.0"
          className="img-responsive gallery-image vertical"
          src="/photographs/2020-07-19_08-04/2020-07-19_08-04_029.webp"
        />
      </figure>
      <figure>
        <img
          alt="Andrey Pudov Altay. Conquering Siberia 2.0"
          className="img-responsive gallery-image"
          src="/photographs/2020-07-19_08-04/2020-07-19_08-04_030.webp"
        />
      </figure>
      <figure>
        <img
          alt="Andrey Pudov Altay. Conquering Siberia 2.0"
          className="img-responsive gallery-image"
          src="/photographs/2020-07-19_08-04/2020-07-19_08-04_031.webp"
        />
      </figure>
      <figure>
        <img
          alt="Andrey Pudov Altay. Conquering Siberia 2.0"
          className="img-responsive gallery-image vertical"
          src="/photographs/2020-07-19_08-04/2020-07-19_08-04_032.webp"
        />
      </figure>
      <figure>
        <img
          alt="Andrey Pudov Altay. Conquering Siberia 2.0"
          className="img-responsive gallery-image"
          src="/photographs/2020-07-19_08-04/2020-07-19_08-04_033.webp"
        />
      </figure>
      <figure>
        <img
          alt="Andrey Pudov Altay. Conquering Siberia 2.0"
          className="img-responsive gallery-image"
          src="/photographs/2020-07-19_08-04/2020-07-19_08-04_034.webp"
        />
      </figure>
      <figure>
        <img
          alt="Andrey Pudov Altay. Conquering Siberia 2.0"
          className="img-responsive gallery-image"
          src="/photographs/2020-07-19_08-04/2020-07-19_08-04_035.webp"
        />
        <figcaption
          className="image-caption"
        >
          The Confluence of Chuya and Katun Rivers
        </figcaption>
      </figure>
      <figure>
        <img
          alt="Andrey Pudov Altay. Conquering Siberia 2.0"
          className="img-responsive gallery-image"
          src="/photographs/2020-07-19_08-04/2020-07-19_08-04_036.webp"
        />
      </figure>
      <figure>
        <img
          alt="Andrey Pudov Altay. Conquering Siberia 2.0"
          className="img-responsive gallery-image"
          src="/photographs/2020-07-19_08-04/2020-07-19_08-04_037.webp"
        />
      </figure>
      <figure>
        <img
          alt="Andrey Pudov Altay. Conquering Siberia 2.0"
          className="img-responsive gallery-image"
          src="/photographs/2020-07-19_08-04/2020-07-19_08-04_038.webp"
        />
      </figure>
      <figure>
        <img
          alt="Andrey Pudov Altay. Conquering Siberia 2.0"
          className="img-responsive gallery-image"
          src="/photographs/2020-07-19_08-04/2020-07-19_08-04_039.webp"
        />
      </figure>
      <figure>
        <img
          alt="Andrey Pudov Altay. Conquering Siberia 2.0"
          className="img-responsive gallery-image"
          src="/photographs/2020-07-19_08-04/2020-07-19_08-04_040.webp"
        />
        <figcaption
          className="image-caption"
        >
          Petroglyphs in Kalbak-Tash
        </figcaption>
      </figure>
      <figure>
        <img
          alt="Andrey Pudov Altay. Conquering Siberia 2.0"
          className="img-responsive gallery-image"
          src="/photographs/2020-07-19_08-04/2020-07-19_08-04_041.webp"
        />
      </figure>
      <figure>
        <img
          alt="Andrey Pudov Altay. Conquering Siberia 2.0"
          className="img-responsive gallery-image"
          src="/photographs/2020-07-19_08-04/2020-07-19_08-04_042.webp"
        />
      </figure>
      <figure>
        <img
          alt="Andrey Pudov Altay. Conquering Siberia 2.0"
          className="img-responsive gallery-image"
          src="/photographs/2020-07-19_08-04/2020-07-19_08-04_043.webp"
        />
      </figure>
      <figure>
        <img
          alt="Andrey Pudov Altay. Conquering Siberia 2.0"
          className="img-responsive gallery-image"
          src="/photographs/2020-07-19_08-04/2020-07-19_08-04_044.webp"
        />
      </figure>
      <figure>
        <img
          alt="Andrey Pudov Altay. Conquering Siberia 2.0"
          className="img-responsive gallery-image"
          src="/photographs/2020-07-19_08-04/2020-07-19_08-04_045.webp"
        />
        <figcaption
          className="image-caption"
        >
          Blue Geyser Lake
        </figcaption>
      </figure>
      <figure>
        <img
          alt="Andrey Pudov Altay. Conquering Siberia 2.0"
          className="img-responsive gallery-image vertical"
          src="/photographs/2020-07-19_08-04/2020-07-19_08-04_046.webp"
        />
      </figure>
      <figure>
        <img
          alt="Andrey Pudov Altay. Conquering Siberia 2.0"
          className="img-responsive gallery-image"
          src="/photographs/2020-07-19_08-04/2020-07-19_08-04_047.webp"
        />
      </figure>
      <figure>
        <img
          alt="Andrey Pudov Altay. Conquering Siberia 2.0"
          className="img-responsive gallery-image vertical"
          src="/photographs/2020-07-19_08-04/2020-07-19_08-04_048.webp"
        />
      </figure>
      <figure>
        <img
          alt="Andrey Pudov Altay. Conquering Siberia 2.0"
          className="img-responsive gallery-image"
          src="/photographs/2020-07-19_08-04/2020-07-19_08-04_050.webp"
        />
        <figcaption
          className="image-caption"
        >
          The road to Mount Aktura
        </figcaption>
      </figure>
      <figure>
        <img
          alt="Andrey Pudov Altay. Conquering Siberia 2.0"
          className="img-responsive gallery-image"
          src="/photographs/2020-07-19_08-04/2020-07-19_08-04_051.webp"
        />
      </figure>
      <figure>
        <img
          alt="Andrey Pudov Altay. Conquering Siberia 2.0"
          className="img-responsive gallery-image"
          src="/photographs/2020-07-19_08-04/2020-07-19_08-04_052.webp"
        />
      </figure>
      <figure>
        <img
          alt="Andrey Pudov Altay. Conquering Siberia 2.0"
          className="img-responsive gallery-image"
          src="/photographs/2020-07-19_08-04/2020-07-19_08-04_053.webp"
        />
      </figure>
      <figure>
        <img
          alt="Andrey Pudov Altay. Conquering Siberia 2.0"
          className="img-responsive gallery-image"
          src="/photographs/2020-07-19_08-04/2020-07-19_08-04_054.webp"
        />
      </figure>
      <figure>
        <img
          alt="Andrey Pudov Altay. Conquering Siberia 2.0"
          className="img-responsive gallery-image"
          src="/photographs/2020-07-19_08-04/2020-07-19_08-04_055.webp"
        />
      </figure>
      <figure>
        <img
          alt="Andrey Pudov Altay. Conquering Siberia 2.0"
          className="img-responsive gallery-image"
          src="/photographs/2020-07-19_08-04/2020-07-19_08-04_056.webp"
        />
      </figure>
      <figure>
        <img
          alt="Andrey Pudov Altay. Conquering Siberia 2.0"
          className="img-responsive gallery-image"
          src="/photographs/2020-07-19_08-04/2020-07-19_08-04_057.webp"
        />
      </figure>
      <figure>
        <img
          alt="Andrey Pudov Altay. Conquering Siberia 2.0"
          className="img-responsive gallery-image"
          src="/photographs/2020-07-19_08-04/2020-07-19_08-04_058.webp"
        />
      </figure>
      <figure>
        <img
          alt="Andrey Pudov Altay. Conquering Siberia 2.0"
          className="img-responsive gallery-image vertical"
          src="/photographs/2020-07-19_08-04/2020-07-19_08-04_062.webp"
        />
      </figure>
      <figure>
        <img
          alt="Andrey Pudov Altay. Conquering Siberia 2.0"
          className="img-responsive gallery-image vertical"
          src="/photographs/2020-07-19_08-04/2020-07-19_08-04_063.webp"
        />
      </figure>
      <figure>
        <img
          alt="Andrey Pudov Altay. Conquering Siberia 2.0"
          className="img-responsive gallery-image"
          src="/photographs/2020-07-19_08-04/2020-07-19_08-04_064.webp"
        />
      </figure>
      <figure>
        <img
          alt="Andrey Pudov Altay. Conquering Siberia 2.0"
          className="img-responsive gallery-image"
          src="/photographs/2020-07-19_08-04/2020-07-19_08-04_065.webp"
        />
      </figure>
      <figure>
        <img
          alt="Andrey Pudov Altay. Conquering Siberia 2.0"
          className="img-responsive gallery-image vertical"
          src="/photographs/2020-07-19_08-04/2020-07-19_08-04_067.webp"
        />
      </figure>
      <figure>
        <img
          alt="Andrey Pudov Altay. Conquering Siberia 2.0"
          className="img-responsive gallery-image"
          src="/photographs/2020-07-19_08-04/2020-07-19_08-04_068.webp"
        />
      </figure>
      <figure>
        <img
          alt="Andrey Pudov Altay. Conquering Siberia 2.0"
          className="img-responsive gallery-image"
          src="/photographs/2020-07-19_08-04/2020-07-19_08-04_069.webp"
        />
      </figure>
      <figure>
        <img
          alt="Andrey Pudov Altay. Conquering Siberia 2.0"
          className="img-responsive gallery-image"
          src="/photographs/2020-07-19_08-04/2020-07-19_08-04_072.webp"
        />
        <figcaption
          className="image-caption"
        >
          Mountain the Foreheads of Rams
        </figcaption>
      </figure>
      <figure>
        <img
          alt="Andrey Pudov Altay. Conquering Siberia 2.0"
          className="img-responsive gallery-image"
          src="/photographs/2020-07-19_08-04/2020-07-19_08-04_080.webp"
        />
        <figcaption
          className="image-caption"
        >
          Great Aktru Glacier
        </figcaption>
      </figure>
      <figure>
        <img
          alt="Andrey Pudov Altay. Conquering Siberia 2.0"
          className="img-responsive gallery-image vertical"
          src="/photographs/2020-07-19_08-04/2020-07-19_08-04_081.webp"
        />
        <figcaption
          className="image-caption vertical"
        >
          Blue Lake
        </figcaption>
      </figure>
      <figure>
        <img
          alt="Andrey Pudov Altay. Conquering Siberia 2.0"
          className="img-responsive gallery-image"
          src="/photographs/2020-07-19_08-04/2020-07-19_08-04_082.webp"
        />
      </figure>
      <figure>
        <img
          alt="Andrey Pudov Altay. Conquering Siberia 2.0"
          className="img-responsive gallery-image"
          src="/photographs/2020-07-19_08-04/2020-07-19_08-04_083.webp"
        />
      </figure>
      <figure>
        <img
          alt="Andrey Pudov Altay. Conquering Siberia 2.0"
          className="img-responsive gallery-image"
          src="/photographs/2020-07-19_08-04/2020-07-19_08-04_087.webp"
        />
      </figure>
      <figure>
        <img
          alt="Andrey Pudov Altay. Conquering Siberia 2.0"
          className="img-responsive gallery-image"
          src="/photographs/2020-07-19_08-04/2020-07-19_08-04_088.webp"
        />
      </figure>
      <figure>
        <img
          alt="Andrey Pudov Altay. Conquering Siberia 2.0"
          className="img-responsive gallery-image"
          src="/photographs/2020-07-19_08-04/2020-07-19_08-04_092.webp"
        />
      </figure>
      <figure>
        <img
          alt="Andrey Pudov Altay. Conquering Siberia 2.0"
          className="img-responsive gallery-image"
          src="/photographs/2020-07-19_08-04/2020-07-19_08-04_095.webp"
        />
      </figure>
      <figure>
        <img
          alt="Andrey Pudov Altay. Conquering Siberia 2.0"
          className="img-responsive gallery-image"
          src="/photographs/2020-07-19_08-04/2020-07-19_08-04_096.webp"
        />
      </figure>
      <figure>
        <img
          alt="Andrey Pudov Altay. Conquering Siberia 2.0"
          className="img-responsive gallery-image"
          src="/photographs/2020-07-19_08-04/2020-07-19_08-04_097.webp"
        />
      </figure>
      <figure>
        <img
          alt="Andrey Pudov Altay. Conquering Siberia 2.0"
          className="img-responsive gallery-image"
          src="/photographs/2020-07-19_08-04/2020-07-19_08-04_098.webp"
        />
      </figure>
      <figure>
        <img
          alt="Andrey Pudov Altay. Conquering Siberia 2.0"
          className="img-responsive gallery-image"
          src="/photographs/2020-07-19_08-04/2020-07-19_08-04_099.webp"
        />
        <figcaption
          className="image-caption"
        >
          Great Aktru Glacier
        </figcaption>
      </figure>
      <figure>
        <img
          alt="Andrey Pudov Altay. Conquering Siberia 2.0"
          className="img-responsive gallery-image"
          src="/photographs/2020-07-19_08-04/2020-07-19_08-04_100.webp"
        />
      </figure>
      <figure>
        <img
          alt="Andrey Pudov Altay. Conquering Siberia 2.0"
          className="img-responsive gallery-image"
          src="/photographs/2020-07-19_08-04/2020-07-19_08-04_106.webp"
        />
        <figcaption
          className="image-caption"
        >
          Small Aktru Glacier
        </figcaption>
      </figure>
      <figure>
        <img
          alt="Andrey Pudov Altay. Conquering Siberia 2.0"
          className="img-responsive gallery-image"
          src="/photographs/2020-07-19_08-04/2020-07-19_08-04_107.webp"
        />
      </figure>
      <figure>
        <img
          alt="Andrey Pudov Altay. Conquering Siberia 2.0"
          className="img-responsive gallery-image"
          src="/photographs/2020-07-19_08-04/2020-07-19_08-04_108.webp"
        />
      </figure>
      <figure>
        <img
          alt="Andrey Pudov Altay. Conquering Siberia 2.0"
          className="img-responsive gallery-image"
          src="/photographs/2020-07-19_08-04/2020-07-19_08-04_111.webp"
        />
      </figure>
      <figure>
        <img
          alt="Andrey Pudov Altay. Conquering Siberia 2.0"
          className="img-responsive gallery-image"
          src="/photographs/2020-07-19_08-04/2020-07-19_08-04_112.webp"
        />
      </figure>
      <figure>
        <img
          alt="Andrey Pudov Altay. Conquering Siberia 2.0"
          className="img-responsive gallery-image"
          src="/photographs/2020-07-19_08-04/2020-07-19_08-04_113.webp"
        />
      </figure>
      <figure>
        <img
          alt="Andrey Pudov Altay. Conquering Siberia 2.0"
          className="img-responsive gallery-image vertical"
          src="/photographs/2020-07-19_08-04/2020-07-19_08-04_115.webp"
        />
      </figure>
      <figure>
        <img
          alt="Andrey Pudov Altay. Conquering Siberia 2.0"
          className="img-responsive gallery-image"
          src="/photographs/2020-07-19_08-04/2020-07-19_08-04_116.webp"
        />
      </figure>
      <figure>
        <img
          alt="Andrey Pudov Altay. Conquering Siberia 2.0"
          className="img-responsive gallery-image vertical"
          src="/photographs/2020-07-19_08-04/2020-07-19_08-04_117.webp"
        />
      </figure>
      <figure>
        <img
          alt="Andrey Pudov Altay. Conquering Siberia 2.0"
          className="img-responsive gallery-image vertical"
          src="/photographs/2020-07-19_08-04/2020-07-19_08-04_118.webp"
        />
      </figure>
      <figure>
        <img
          alt="Andrey Pudov Altay. Conquering Siberia 2.0"
          className="img-responsive gallery-image vertical"
          src="/photographs/2020-07-19_08-04/2020-07-19_08-04_119.webp"
        />
      </figure>
      <figure>
        <img
          alt="Andrey Pudov Altay. Conquering Siberia 2.0"
          className="img-responsive gallery-image vertical"
          src="/photographs/2020-07-19_08-04/2020-07-19_08-04_121.webp"
        />
      </figure>
      <figure>
        <img
          alt="Andrey Pudov Altay. Conquering Siberia 2.0"
          className="img-responsive gallery-image"
          src="/photographs/2020-07-19_08-04/2020-07-19_08-04_122.webp"
        />
      </figure>
      <figure>
        <img
          alt="Andrey Pudov Altay. Conquering Siberia 2.0"
          className="img-responsive gallery-image"
          src="/photographs/2020-07-19_08-04/2020-07-19_08-04_125.webp"
        />
      </figure>
      <figure>
        <img
          alt="Andrey Pudov Altay. Conquering Siberia 2.0"
          className="img-responsive gallery-image"
          src="/photographs/2020-07-19_08-04/2020-07-19_08-04_126.webp"
        />
        <figcaption
          className="image-caption"
        >
          Kosh-Agach
        </figcaption>
      </figure>
      <figure>
        <img
          alt="Andrey Pudov Altay. Conquering Siberia 2.0"
          className="img-responsive gallery-image"
          src="/photographs/2020-07-19_08-04/2020-07-19_08-04_127.webp"
        />
      </figure>
      <figure>
        <img
          alt="Andrey Pudov Altay. Conquering Siberia 2.0"
          className="img-responsive gallery-image"
          src="/photographs/2020-07-19_08-04/2020-07-19_08-04_128.webp"
        />
      </figure>
      <figure>
        <img
          alt="Andrey Pudov Altay. Conquering Siberia 2.0"
          className="img-responsive gallery-image"
          src="/photographs/2020-07-19_08-04/2020-07-19_08-04_129.webp"
        />
        <figcaption
          className="image-caption"
        >
          Martian Landscapes. Mountains of Kyzyl-Chin.
        </figcaption>
      </figure>
      <figure>
        <img
          alt="Andrey Pudov Altay. Conquering Siberia 2.0"
          className="img-responsive gallery-image"
          src="/photographs/2020-07-19_08-04/2020-07-19_08-04_130.webp"
        />
      </figure>
      <figure>
        <img
          alt="Andrey Pudov Altay. Conquering Siberia 2.0"
          className="img-responsive gallery-image"
          src="/photographs/2020-07-19_08-04/2020-07-19_08-04_131.webp"
        />
      </figure>
      <figure>
        <img
          alt="Andrey Pudov Altay. Conquering Siberia 2.0"
          className="img-responsive gallery-image"
          src="/photographs/2020-07-19_08-04/2020-07-19_08-04_132.webp"
        />
      </figure>
      <figure>
        <img
          alt="Andrey Pudov Altay. Conquering Siberia 2.0"
          className="img-responsive gallery-image"
          src="/photographs/2020-07-19_08-04/2020-07-19_08-04_134.webp"
        />
      </figure>
      <figure>
        <img
          alt="Andrey Pudov Altay. Conquering Siberia 2.0"
          className="img-responsive gallery-image"
          src="/photographs/2020-07-19_08-04/2020-07-19_08-04_135.webp"
        />
      </figure>
      <figure>
        <img
          alt="Andrey Pudov Altay. Conquering Siberia 2.0"
          className="img-responsive gallery-image"
          src="/photographs/2020-07-19_08-04/2020-07-19_08-04_136.webp"
        />
      </figure>
      <figure>
        <img
          alt="Andrey Pudov Altay. Conquering Siberia 2.0"
          className="img-responsive gallery-image"
          src="/photographs/2020-07-19_08-04/2020-07-19_08-04_139.webp"
        />
      </figure>
      <figure>
        <img
          alt="Andrey Pudov Altay. Conquering Siberia 2.0"
          className="img-responsive gallery-image"
          src="/photographs/2020-07-19_08-04/2020-07-19_08-04_140.webp"
        />
      </figure>
      <figure>
        <img
          alt="Andrey Pudov Altay. Conquering Siberia 2.0"
          className="img-responsive gallery-image"
          src="/photographs/2020-07-19_08-04/2020-07-19_08-04_141.webp"
        />
      </figure>
      <figure>
        <img
          alt="Andrey Pudov Altay. Conquering Siberia 2.0"
          className="img-responsive gallery-image"
          src="/photographs/2020-07-19_08-04/2020-07-19_08-04_142.webp"
        />
      </figure>
      <figure>
        <img
          alt="Andrey Pudov Altay. Conquering Siberia 2.0"
          className="img-responsive gallery-image"
          src="/photographs/2020-07-19_08-04/2020-07-19_08-04_143.webp"
        />
      </figure>
      <figure>
        <img
          alt="Andrey Pudov Altay. Conquering Siberia 2.0"
          className="img-responsive gallery-image"
          src="/photographs/2020-07-19_08-04/2020-07-19_08-04_144.webp"
        />
      </figure>
      <figure>
        <img
          alt="Andrey Pudov Altay. Conquering Siberia 2.0"
          className="img-responsive gallery-image"
          src="/photographs/2020-07-19_08-04/2020-07-19_08-04_145.webp"
        />
      </figure>
      <figure>
        <img
          alt="Andrey Pudov Altay. Conquering Siberia 2.0"
          className="img-responsive gallery-image"
          src="/photographs/2020-07-19_08-04/2020-07-19_08-04_146.webp"
        />
      </figure>
      <figure>
        <img
          alt="Andrey Pudov Altay. Conquering Siberia 2.0"
          className="img-responsive gallery-image"
          src="/photographs/2020-07-19_08-04/2020-07-19_08-04_147.webp"
        />
      </figure>
      <figure>
        <img
          alt="Andrey Pudov Altay. Conquering Siberia 2.0"
          className="img-responsive gallery-image"
          src="/photographs/2020-07-19_08-04/2020-07-19_08-04_149.webp"
        />
      </figure>
      <figure>
        <img
          alt="Andrey Pudov Altay. Conquering Siberia 2.0"
          className="img-responsive gallery-image vertical"
          src="/photographs/2020-07-19_08-04/2020-07-19_08-04_150.webp"
        />
        <figcaption
          className="image-caption vertical"
        >
          Kurai Steppe
        </figcaption>
      </figure>
      <figure>
        <img
          alt="Andrey Pudov Altay. Conquering Siberia 2.0"
          className="img-responsive gallery-image"
          src="/photographs/2020-07-19_08-04/2020-07-19_08-04_152.webp"
        />
      </figure>
      <figure>
        <img
          alt="Andrey Pudov Altay. Conquering Siberia 2.0"
          className="img-responsive gallery-image"
          src="/photographs/2020-07-19_08-04/2020-07-19_08-04_153.webp"
        />
      </figure>
      <figure>
        <img
          alt="Andrey Pudov Altay. Conquering Siberia 2.0"
          className="img-responsive gallery-image"
          src="/photographs/2020-07-19_08-04/2020-07-19_08-04_154.webp"
        />
      </figure>
      <figure>
        <img
          alt="Andrey Pudov Altay. Conquering Siberia 2.0"
          className="img-responsive gallery-image vertical"
          src="/photographs/2020-07-19_08-04/2020-07-19_08-04_155.webp"
        />
      </figure>
      <figure>
        <img
          alt="Andrey Pudov Altay. Conquering Siberia 2.0"
          className="img-responsive gallery-image vertical"
          src="/photographs/2020-07-19_08-04/2020-07-19_08-04_156.webp"
        />
      </figure>
      <figure>
        <img
          alt="Andrey Pudov Altay. Conquering Siberia 2.0"
          className="img-responsive gallery-image"
          src="/photographs/2020-07-19_08-04/2020-07-19_08-04_157.webp"
        />
      </figure>
      <figure>
        <img
          alt="Andrey Pudov Altay. Conquering Siberia 2.0"
          className="img-responsive gallery-image"
          src="/photographs/2020-07-19_08-04/2020-07-19_08-04_160.webp"
        />
        <figcaption
          className="image-caption"
        >
          Aktash
        </figcaption>
      </figure>
      <figure>
        <img
          alt="Andrey Pudov Altay. Conquering Siberia 2.0"
          className="img-responsive gallery-image"
          src="/photographs/2020-07-19_08-04/2020-07-19_08-04_161.webp"
        />
      </figure>
      <figure>
        <img
          alt="Andrey Pudov Altay. Conquering Siberia 2.0"
          className="img-responsive gallery-image"
          src="/photographs/2020-07-19_08-04/2020-07-19_08-04_162.webp"
        />
      </figure>
      <figure>
        <img
          alt="Andrey Pudov Altay. Conquering Siberia 2.0"
          className="img-responsive gallery-image"
          src="/photographs/2020-07-19_08-04/2020-07-19_08-04_164.webp"
        />
      </figure>
      <figure>
        <img
          alt="Andrey Pudov Altay. Conquering Siberia 2.0"
          className="img-responsive gallery-image"
          src="/photographs/2020-07-19_08-04/2020-07-19_08-04_165.webp"
        />
      </figure>
      <figure>
        <img
          alt="Andrey Pudov Altay. Conquering Siberia 2.0"
          className="img-responsive gallery-image"
          src="/photographs/2020-07-19_08-04/2020-07-19_08-04_166.webp"
        />
      </figure>
      <figure>
        <img
          alt="Andrey Pudov Altay. Conquering Siberia 2.0"
          className="img-responsive gallery-image"
          src="/photographs/2020-07-19_08-04/2020-07-19_08-04_167.webp"
        />
      </figure>
      <figure>
        <img
          alt="Andrey Pudov Altay. Conquering Siberia 2.0"
          className="img-responsive gallery-image"
          src="/photographs/2020-07-19_08-04/2020-07-19_08-04_168.webp"
        />
        <figcaption
          className="image-caption"
        >
          Aktash Repeater
        </figcaption>
      </figure>
      <figure>
        <img
          alt="Andrey Pudov Altay. Conquering Siberia 2.0"
          className="img-responsive gallery-image"
          src="/photographs/2020-07-19_08-04/2020-07-19_08-04_169.webp"
        />
      </figure>
      <figure>
        <img
          alt="Andrey Pudov Altay. Conquering Siberia 2.0"
          className="img-responsive gallery-image vertical"
          src="/photographs/2020-07-19_08-04/2020-07-19_08-04_170.webp"
        />
        <figcaption
          className="image-caption vertical"
        >
          Waterfall Shirlak
        </figcaption>
      </figure>
      <figure>
        <img
          alt="Andrey Pudov Altay. Conquering Siberia 2.0"
          className="img-responsive gallery-image vertical"
          src="/photographs/2020-07-19_08-04/2020-07-19_08-04_171.webp"
        />
      </figure>
      <figure>
        <img
          alt="Andrey Pudov Altay. Conquering Siberia 2.0"
          className="img-responsive gallery-image"
          src="/photographs/2020-07-19_08-04/2020-07-19_08-04_172.webp"
        />
      </figure>
      <figure>
        <img
          alt="Andrey Pudov Altay. Conquering Siberia 2.0"
          className="img-responsive gallery-image"
          src="/photographs/2020-07-19_08-04/2020-07-19_08-04_173.webp"
        />
        <figcaption
          className="image-caption"
        >
          Bom Kur-Kechu
        </figcaption>
      </figure>
      <figure>
        <img
          alt="Andrey Pudov Altay. Conquering Siberia 2.0"
          className="img-responsive gallery-image"
          src="/photographs/2020-07-19_08-04/2020-07-19_08-04_174.webp"
        />
        <figcaption
          className="image-caption"
        >
          Chike-Taman Pass
        </figcaption>
      </figure>
      <figure>
        <img
          alt="Andrey Pudov Altay. Conquering Siberia 2.0"
          className="img-responsive gallery-image"
          src="/photographs/2020-07-19_08-04/2020-07-19_08-04_176.webp"
        />
      </figure>
      <figure>
        <img
          alt="Andrey Pudov Altay. Conquering Siberia 2.0"
          className="img-responsive gallery-image"
          src="/photographs/2020-07-19_08-04/2020-07-19_08-04_177.webp"
        />
      </figure>
      <figure>
        <img
          alt="Andrey Pudov Altay. Conquering Siberia 2.0"
          className="img-responsive gallery-image"
          src="/photographs/2020-07-19_08-04/2020-07-19_08-04_178.webp"
        />
      </figure>
      <figure>
        <img
          alt="Andrey Pudov Altay. Conquering Siberia 2.0"
          className="img-responsive gallery-image"
          src="/photographs/2020-07-19_08-04/2020-07-19_08-04_179.webp"
        />
        <figcaption
          className="image-caption"
        >
          Karakol
        </figcaption>
      </figure>
      <figure>
        <img
          alt="Andrey Pudov Altay. Conquering Siberia 2.0"
          className="img-responsive gallery-image"
          src="/photographs/2020-07-19_08-04/2020-07-19_08-04_180.webp"
        />
      </figure>
      <figure>
        <img
          alt="Andrey Pudov Altay. Conquering Siberia 2.0"
          className="img-responsive gallery-image"
          src="/photographs/2020-07-19_08-04/2020-07-19_08-04_183.webp"
        />
        <figcaption
          className="image-caption"
        >
          Ursul River
        </figcaption>
      </figure>
      <figure>
        <img
          alt="Andrey Pudov Altay. Conquering Siberia 2.0"
          className="img-responsive gallery-image"
          src="/photographs/2020-07-19_08-04/2020-07-19_08-04_184.webp"
        />
        <figcaption
          className="image-caption"
        >
          Karakol
        </figcaption>
      </figure>
      <figure>
        <img
          alt="Andrey Pudov Altay. Conquering Siberia 2.0"
          className="img-responsive gallery-image"
          src="/photographs/2020-07-19_08-04/2020-07-19_08-04_189.webp"
        />
        <figcaption
          className="image-caption"
        >
          Petroglyphs in Karakol
        </figcaption>
      </figure>
      <figure>
        <img
          alt="Andrey Pudov Altay. Conquering Siberia 2.0"
          className="img-responsive gallery-image"
          src="/photographs/2020-07-19_08-04/2020-07-19_08-04_190.webp"
        />
      </figure>
      <figure>
        <img
          alt="Andrey Pudov Altay. Conquering Siberia 2.0"
          className="img-responsive gallery-image"
          src="/photographs/2020-07-19_08-04/2020-07-19_08-04_191.webp"
        />
      </figure>
      <figure>
        <img
          alt="Andrey Pudov Altay. Conquering Siberia 2.0"
          className="img-responsive gallery-image"
          src="/photographs/2020-07-19_08-04/2020-07-19_08-04_192.webp"
        />
        <figcaption
          className="image-caption"
        >
          Gorno-Altaysk
        </figcaption>
      </figure>
      <figure>
        <img
          alt="Andrey Pudov Altay. Conquering Siberia 2.0"
          className="img-responsive gallery-image"
          src="/photographs/2020-07-19_08-04/2020-07-19_08-04_193.webp"
        />
      </figure>
      <figure>
        <img
          alt="Andrey Pudov Altay. Conquering Siberia 2.0"
          className="img-responsive gallery-image"
          src="/photographs/2020-07-19_08-04/2020-07-19_08-04_194.webp"
        />
      </figure>
      <figure>
        <img
          alt="Andrey Pudov Altay. Conquering Siberia 2.0"
          className="img-responsive gallery-image"
          src="/photographs/2020-07-19_08-04/2020-07-19_08-04_196.webp"
        />
      </figure>
    </div>
  </main>
  <footer>
    <div
      className="container"
    >
      <hr
        className="footer-divider"
      />
      <ul
        className="piped-links float-end"
      >
        <li
          className="first piped-links-short"
        >
          <a
            href="/resume"
            onClick={[Function]}
          >
            About
          </a>
        </li>
        <li
          className="first piped-links-long"
        >
          <a
            href="/resume"
            onClick={[Function]}
          >
            About Andrey Pudov
          </a>
        </li>
        <li>
          <a
            href="/contact"
            onClick={[Function]}
          >
            Contact
          </a>
        </li>
      </ul>
      <ul
        className="piped-links"
      >
        <p
          className="piped-links-long"
        >
          Copyright © 2022 Andrey Pudov. All rights reserved.
        </p>
        <p
          className="piped-links-short"
        >
          © 2022 Andrey Pudov. All rights reserved.
        </p>
      </ul>
    </div>
  </footer>
</div>
`;
