// Jest Snapshot v1, https://goo.gl/fbAQLP

exports[`renders correctly 1`] = `
<div
  className="layout"
>
  <header>
    <div
      className="container"
    >
      <div
        className="navbar navbar-expand-md navbar-dark"
      >
        <div
          className="container-fluid"
        >
          <a
            className="navbar-brand mx-auto"
            href="/en/"
            onClick={[Function]}
          >
            Header.AndreyPudov
          </a>
          <button
            aria-controls="navbarMain"
            aria-expanded="false"
            aria-label="Toggle navigation"
            className="navbar-toggler"
            data-bs-target="#navbarMain"
            data-bs-toggle="collapse"
            type="button"
          >
            <span
              className="navbar-toggler-icon"
            />
          </button>
          <div
            className="collapse navbar-collapse justify-content-sm-center"
            id="navbarMain"
          >
            <ul
              className="navbar-nav"
            >
              <li
                className="nav-item"
              >
                <a
                  className="nav-link"
                  href="/en/albums/"
                  onClick={[Function]}
                >
                  Albums
                </a>
              </li>
              <li
                className="nav-item"
              >
                <a
                  className="nav-link"
                  href="/en/contents/"
                  onClick={[Function]}
                >
                  Contents
                </a>
              </li>
              <li
                className="nav-item"
              >
                <a
                  className="nav-link"
                  href="/en/resume/"
                  onClick={[Function]}
                >
                  Resume
                </a>
              </li>
              <li
                className="nav-item"
              >
                <a
                  className="nav-link"
                  href="/en/contact/"
                  onClick={[Function]}
                >
                  Contact
                </a>
              </li>
            </ul>
          </div>
        </div>
      </div>
    </div>
  </header>
  <main>
    <div
      className="container"
    >
      <h1>
        2016 Formula 1 Russian Grand Prix
        <small
          className="text-muted"
        >
          Wednesday, May 4, 2016
        </small>
      </h1>
      <figure>
        <img
          alt="[object Object] - Formula 1 Pit Marshals

Marshals play a vital part in allowing motorsport events to take place. Dressed in their unmistakable orange overalls, these volunteers carry out a variety of roles, such as moving damaged cars off the race track, to enable motorsport events to take place successfully and safely."
          className="img-responsive gallery-image"
          src="/photographs/2016-04-27_05-04/2016-04-27_05-04_001.webp"
          title="Formula 1 Pit Marshals

Marshals play a vital part in allowing motorsport events to take place. Dressed in their unmistakable orange overalls, these volunteers carry out a variety of roles, such as moving damaged cars off the race track, to enable motorsport events to take place successfully and safely."
        />
        <figcaption
          className="image-caption"
        >
          Formula 1 Pit Marshals

Marshals play a vital part in allowing motorsport events to take place. Dressed in their unmistakable orange overalls, these volunteers carry out a variety of roles, such as moving damaged cars off the race track, to enable motorsport events to take place successfully and safely.
        </figcaption>
      </figure>
      <figure>
        <img
          alt="[object Object] - Mechanics of the Mercedes AMG Petronas team working on Nico Rosberg's W07 car."
          className="img-responsive gallery-image"
          src="/photographs/2016-04-27_05-04/2016-04-27_05-04_002.webp"
          title="Mechanics of the Mercedes AMG Petronas team working on Nico Rosberg's W07 car."
        />
        <figcaption
          className="image-caption"
        >
          Mechanics of the Mercedes AMG Petronas team working on Nico Rosberg's W07 car.
        </figcaption>
      </figure>
      <figure>
        <img
          alt="2016 Formula 1 Russian Grand Prix"
          className="img-responsive gallery-image"
          src="/photographs/2016-04-27_05-04/2016-04-27_05-04_003.webp"
          title="2016 Formula 1 Russian Grand Prix"
        />
      </figure>
      <figure>
        <img
          alt="[object Object] - Bolshoy Ice Dome

The Bolshoy Ice Dome is a multi-purpose indoor arena. Opened in 2012, the 12,000-seat arena was primarily constructed to host hockey competitions during the 2014 Winter Olympics. Following the Games, it became the home arena of HC Sochi, an expansion team of the KHL. The arena has also hosted concerts and other events. Prior to the Games, the arena hosted the IIHF World U18 Championships and Channel One Cup in 2013."
          className="img-responsive gallery-image"
          src="/photographs/2016-04-27_05-04/2016-04-27_05-04_004.webp"
          title="Bolshoy Ice Dome

The Bolshoy Ice Dome is a multi-purpose indoor arena. Opened in 2012, the 12,000-seat arena was primarily constructed to host hockey competitions during the 2014 Winter Olympics. Following the Games, it became the home arena of HC Sochi, an expansion team of the KHL. The arena has also hosted concerts and other events. Prior to the Games, the arena hosted the IIHF World U18 Championships and Channel One Cup in 2013."
        />
        <figcaption
          className="image-caption"
        >
          Bolshoy Ice Dome

The Bolshoy Ice Dome is a multi-purpose indoor arena. Opened in 2012, the 12,000-seat arena was primarily constructed to host hockey competitions during the 2014 Winter Olympics. Following the Games, it became the home arena of HC Sochi, an expansion team of the KHL. The arena has also hosted concerts and other events. Prior to the Games, the arena hosted the IIHF World U18 Championships and Channel One Cup in 2013.
        </figcaption>
      </figure>
      <figure>
        <img
          alt="2016 Formula 1 Russian Grand Prix"
          className="img-responsive gallery-image"
          src="/photographs/2016-04-27_05-04/2016-04-27_05-04_005.webp"
          title="2016 Formula 1 Russian Grand Prix"
        />
      </figure>
      <figure>
        <img
          alt="2016 Formula 1 Russian Grand Prix"
          className="img-responsive gallery-image"
          src="/photographs/2016-04-27_05-04/2016-04-27_05-04_006.webp"
          title="2016 Formula 1 Russian Grand Prix"
        />
      </figure>
      <figure>
        <img
          alt="[object Object] - Krasnaya Polyana Ski Resort"
          className="img-responsive gallery-image"
          src="/photographs/2016-04-27_05-04/2016-04-27_05-04_007.webp"
          title="Krasnaya Polyana Ski Resort"
        />
        <figcaption
          className="image-caption"
        >
          Krasnaya Polyana Ski Resort
        </figcaption>
      </figure>
    </div>
  </main>
  <footer>
    <div
      className="container"
    >
      <hr
        className="footer-divider"
      />
      <ul
        className="piped-links float-end"
      >
        <li
          className="first piped-links-short"
        >
          <a
            href="/en/resume/"
            onClick={[Function]}
          >
            About
          </a>
        </li>
        <li
          className="first piped-links-long"
        >
          <a
            href="/en/resume/"
            onClick={[Function]}
          >
            About Andrey Pudov
          </a>
        </li>
        <li>
          <a
            href="/en/contact/"
            onClick={[Function]}
          >
            Contact
          </a>
        </li>
      </ul>
      <ul
        className="piped-links"
      >
        <p
          className="piped-links-long"
        >
          Copyright © 2023 Andrey Pudov. All rights reserved.
        </p>
        <p
          className="piped-links-short"
        >
          © 2023 Andrey Pudov. All rights reserved.
        </p>
      </ul>
    </div>
  </footer>
</div>
`;
