// Jest Snapshot v1, https://goo.gl/fbAQLP

exports[`renders correctly 1`] = `
<div
  className="layout"
>
  <header>
    <div
      className="container"
    >
      <div
        className="navbar navbar-expand-md navbar-dark"
      >
        <div
          className="container-fluid"
        >
          <a
            className="navbar-brand mx-auto"
            href="/en/"
            onClick={[Function]}
          >
            Header.AndreyPudov
          </a>
          <button
            aria-controls="navbarMain"
            aria-expanded="false"
            aria-label="Toggle navigation"
            className="navbar-toggler"
            data-bs-target="#navbarMain"
            data-bs-toggle="collapse"
            type="button"
          >
            <span
              className="navbar-toggler-icon"
            />
          </button>
          <div
            className="collapse navbar-collapse justify-content-sm-center"
            id="navbarMain"
          >
            <ul
              className="navbar-nav"
            >
              <li
                className="nav-item"
              >
                <a
                  className="nav-link"
                  href="/en/albums/"
                  onClick={[Function]}
                >
                  Header.Albums
                </a>
              </li>
              <li
                className="nav-item"
              >
                <a
                  className="nav-link"
                  href="/en/contents/"
                  onClick={[Function]}
                >
                  Header.Contents
                </a>
              </li>
              <li
                className="nav-item"
              >
                <a
                  className="nav-link"
                  href="/en/resume/"
                  onClick={[Function]}
                >
                  Header.Resume
                </a>
              </li>
              <li
                className="nav-item"
              >
                <a
                  className="nav-link"
                  href="/en/contact/"
                  onClick={[Function]}
                >
                  Header.Contact
                </a>
              </li>
            </ul>
          </div>
        </div>
      </div>
    </div>
  </header>
  <main>
    <div
      className="container"
    >
      <h1>
        2019 Formula 1 Russian Grand Prix
        <small
          className="text-muted"
        >
          Monday, September 30, 2019
        </small>
      </h1>
      <figure>
        <img
          alt="2019 Formula 1 Russian Grand Prix - The box of the Scuderia Ferrari"
          className="img-responsive gallery-image"
          src="/photographs/2019-09-30/2019-09-30_001.webp"
          title="The box of the Scuderia Ferrari"
        />
        <figcaption
          className="image-caption"
        >
          The box of the Scuderia Ferrari
        </figcaption>
      </figure>
      <figure>
        <img
          alt="2019 Formula 1 Russian Grand Prix - Red Bull mechanics performing warm-up exercises"
          className="img-responsive gallery-image"
          src="/photographs/2019-09-30/2019-09-30_002.webp"
          title="Red Bull mechanics performing warm-up exercises"
        />
        <figcaption
          className="image-caption"
        >
          Red Bull mechanics performing warm-up exercises
        </figcaption>
      </figure>
      <figure>
        <img
          alt="2019 Formula 1 Russian Grand Prix - Valtteri Bottas drives Mercedes AMG F1 W10 EQ Power+"
          className="img-responsive gallery-image vertical"
          src="/photographs/2019-09-30/2019-09-30_003.webp"
          title="Valtteri Bottas drives Mercedes AMG F1 W10 EQ Power+"
        />
        <figcaption
          className="image-caption vertical"
        >
          Valtteri Bottas drives Mercedes AMG F1 W10 EQ Power+
        </figcaption>
      </figure>
      <figure>
        <img
          alt="2019 Formula 1 Russian Grand Prix - The start of the Formula 1 race"
          className="img-responsive gallery-image vertical"
          src="/photographs/2019-09-30/2019-09-30_004.webp"
          title="The start of the Formula 1 race"
        />
        <figcaption
          className="image-caption vertical"
        >
          The start of the Formula 1 race
        </figcaption>
      </figure>
      <figure>
        <img
          alt="2019 Formula 1 Russian Grand Prix - Robert Kubica drives Williams FW42"
          className="img-responsive gallery-image vertical"
          src="/photographs/2019-09-30/2019-09-30_005.webp"
          title="Robert Kubica drives Williams FW42"
        />
        <figcaption
          className="image-caption vertical"
        >
          Robert Kubica drives Williams FW42
        </figcaption>
      </figure>
    </div>
  </main>
  <footer>
    <div
      className="container"
    >
      <hr
        className="footer-divider"
      />
      <ul
        className="piped-links float-end"
      >
        <li
          className="first piped-links-short"
        >
          <a
            href="/en/resume/"
            onClick={[Function]}
          >
            Footer.AboutShort
          </a>
        </li>
        <li
          className="first piped-links-long"
        >
          <a
            href="/en/resume/"
            onClick={[Function]}
          >
            Footer.AboutLong
          </a>
        </li>
        <li>
          <a
            href="/en/contact/"
            onClick={[Function]}
          >
            Footer.Contact
          </a>
        </li>
      </ul>
      <ul
        className="piped-links"
      >
        <p
          className="piped-links-long"
        >
          Footer.CopyrightLong
        </p>
        <p
          className="piped-links-short"
        >
          Footer.CopyrightShort
        </p>
      </ul>
    </div>
  </footer>
</div>
`;
