// Jest Snapshot v1, https://goo.gl/fbAQLP

exports[`renders correctly 1`] = `
<div
  className="layout"
>
  <header>
    <div
      className="container"
    >
      <div
        className="navbar navbar-expand-md navbar-dark"
      >
        <div
          className="container-fluid"
        >
          <a
            className="navbar-brand mx-auto"
            href="/"
            onClick={[Function]}
          >
            Andrey Pudov
          </a>
          <button
            aria-controls="navbarMain"
            aria-expanded="false"
            aria-label="Toggle navigation"
            className="navbar-toggler"
            data-bs-target="#navbarMain"
            data-bs-toggle="collapse"
            type="button"
          >
            <span
              className="navbar-toggler-icon"
            />
          </button>
          <div
            className="collapse navbar-collapse justify-content-sm-center"
            id="navbarMain"
          >
            <ul
              className="navbar-nav"
            >
              <li
                className="nav-item"
              >
                <a
                  className="nav-link"
                  href="/albums/"
                  onClick={[Function]}
                >
                  Albums
                </a>
              </li>
              <li
                className="nav-item"
              >
                <a
                  className="nav-link"
                  href="/contents/"
                  onClick={[Function]}
                >
                  Contents
                </a>
              </li>
              <li
                className="nav-item"
              >
                <a
                  className="nav-link"
                  href="/resume/"
                  onClick={[Function]}
                >
                  Resume
                </a>
              </li>
              <li
                className="nav-item"
              >
                <a
                  className="nav-link"
                  href="/contact/"
                  onClick={[Function]}
                >
                  Contact
                </a>
              </li>
            </ul>
          </div>
        </div>
      </div>
    </div>
  </header>
  <main>
    <div
      className="container"
    >
      <h1>
        Lake Baikal Team
        <small
          className="text-muted"
        >
          Saturday, August 8, 2015
        </small>
      </h1>
      <figure>
        <img
          alt="Lake Baikal Team - The expedition leader Ivan Schipakin and Olga Poroshina."
          className="img-responsive gallery-image"
          src="/photographs/2015-07-27_08-08_2/2015-07-27_08-08_004.webp"
          title="The expedition leader Ivan Schipakin and Olga Poroshina."
        />
        <figcaption
          className="image-caption"
        >
          The expedition leader Ivan Schipakin and Olga Poroshina.
        </figcaption>
      </figure>
      <figure>
        <img
          alt="Lake Baikal Team - Evgeny Timofeev is an expedition photographer."
          className="img-responsive gallery-image"
          src="/photographs/2015-07-27_08-08_2/2015-07-27_08-08_001.webp"
          title="Evgeny Timofeev is an expedition photographer."
        />
        <figcaption
          className="image-caption"
        >
          Evgeny Timofeev is an expedition photographer.
        </figcaption>
      </figure>
      <figure>
        <img
          alt="Lake Baikal Team - Participants of the hike organized by the Ural Tropa tourist club."
          className="img-responsive gallery-image"
          src="/photographs/2015-07-27_08-08_2/2015-07-27_08-08_003.webp"
          title="Participants of the hike organized by the Ural Tropa tourist club."
        />
        <figcaption
          className="image-caption"
        >
          Participants of the hike organized by the Ural Tropa tourist club.
        </figcaption>
      </figure>
      <figure>
        <img
          alt="Lake Baikal Team - Lilia Makhmutova is an expedition medic, experienced surgery, responsible for the physical wellbeing of people during expedition."
          className="img-responsive gallery-image"
          src="/photographs/2015-07-27_08-08_2/2015-07-27_08-08_007.webp"
          title="Lilia Makhmutova is an expedition medic, experienced surgery, responsible for the physical wellbeing of people during expedition."
        />
        <figcaption
          className="image-caption"
        >
          Lilia Makhmutova is an expedition medic, experienced surgery, responsible for the physical wellbeing of people during expedition.
        </figcaption>
      </figure>
      <figure>
        <img
          alt="Lake Baikal Team - Participants of the hike organized by the Ural Tropa tourist club."
          className="img-responsive gallery-image"
          src="/photographs/2015-07-27_08-08_2/2015-07-27_08-08_002.webp"
          title="Participants of the hike organized by the Ural Tropa tourist club."
        />
        <figcaption
          className="image-caption"
        >
          Participants of the hike organized by the Ural Tropa tourist club.
        </figcaption>
      </figure>
      <figure>
        <img
          alt="Lake Baikal Team - Aleksey Gladkih and Olga Yagovitina"
          className="img-responsive gallery-image"
          src="/photographs/2015-07-27_08-08_2/2015-07-27_08-08_005.webp"
          title="Aleksey Gladkih and Olga Yagovitina"
        />
        <figcaption
          className="image-caption"
        >
          Aleksey Gladkih and Olga Yagovitina
        </figcaption>
      </figure>
      <figure>
        <img
          alt="Lake Baikal Team - Natalya Agafonova is an experienced naturalist with a comprehensive and meaningful knowledge of plants."
          className="img-responsive gallery-image"
          src="/photographs/2015-07-27_08-08_2/2015-07-27_08-08_008.webp"
          title="Natalya Agafonova is an experienced naturalist with a comprehensive and meaningful knowledge of plants."
        />
        <figcaption
          className="image-caption"
        >
          Natalya Agafonova is an experienced naturalist with a comprehensive and meaningful knowledge of plants.
        </figcaption>
      </figure>
      <figure>
        <img
          alt="Lake Baikal Team - The ferry to Zmeevaya Bay on the Svyatoy Nose peninsula."
          className="img-responsive gallery-image"
          src="/photographs/2015-07-27_08-08_2/2015-07-27_08-08_009.webp"
          title="The ferry to Zmeevaya Bay on the Svyatoy Nose peninsula."
        />
        <figcaption
          className="image-caption"
        >
          The ferry to Zmeevaya Bay on the Svyatoy Nose peninsula.
        </figcaption>
      </figure>
      <figure>
        <img
          alt="Lake Baikal Team - Vyacheslav Chukharev is a group sweep, carefully kept a count of the squad, ensuring the entire group makes it safely to the final destination."
          className="img-responsive gallery-image"
          src="/photographs/2015-07-27_08-08_2/2015-07-27_08-08_006.webp"
          title="Vyacheslav Chukharev is a group sweep, carefully kept a count of the squad, ensuring the entire group makes it safely to the final destination."
        />
        <figcaption
          className="image-caption"
        >
          Vyacheslav Chukharev is a group sweep, carefully kept a count of the squad, ensuring the entire group makes it safely to the final destination.
        </figcaption>
      </figure>
    </div>
  </main>
  <footer>
    <div
      className="container"
    >
      <hr
        className="footer-divider"
      />
      <ul
        className="piped-links float-end"
      >
        <li
          className="first piped-links-short"
        >
          <a
            href="/resume/"
            onClick={[Function]}
          >
            About
          </a>
        </li>
        <li
          className="first piped-links-long"
        >
          <a
            href="/resume/"
            onClick={[Function]}
          >
            About Andrey Pudov
          </a>
        </li>
        <li>
          <a
            href="/contact/"
            onClick={[Function]}
          >
            Contact
          </a>
        </li>
      </ul>
      <ul
        className="piped-links"
      >
        <p
          className="piped-links-long"
        >
          Copyright © 2023 Andrey Pudov. All rights reserved.
        </p>
        <p
          className="piped-links-short"
        >
          © 2023 Andrey Pudov. All rights reserved.
        </p>
      </ul>
    </div>
  </footer>
</div>
`;
