// Jest Snapshot v1, https://goo.gl/fbAQLP

exports[`renders correctly 1`] = `
<div
  className="layout"
>
  <header>
    <div
      className="container"
    >
      <div
        className="navbar navbar-expand-md navbar-dark"
      >
        <div
          className="container-fluid"
        >
          <a
            className="navbar-brand mx-auto"
            href="/"
            onClick={[Function]}
          >
            Header.AndreyPudov
          </a>
          <button
            aria-controls="navbarMain"
            aria-expanded="false"
            aria-label="Toggle navigation"
            className="navbar-toggler"
            data-bs-target="#navbarMain"
            data-bs-toggle="collapse"
            type="button"
          >
            <span
              className="navbar-toggler-icon"
            />
          </button>
          <div
            className="collapse navbar-collapse justify-content-sm-center"
            id="navbarMain"
          >
            <ul
              className="navbar-nav"
            >
              <li
                className="nav-item"
              >
                <a
                  className="nav-link"
                  href="/albums/"
                  onClick={[Function]}
                >
                  Albums
                </a>
              </li>
              <li
                className="nav-item"
              >
                <a
                  className="nav-link"
                  href="/contents/"
                  onClick={[Function]}
                >
                  Contents
                </a>
              </li>
              <li
                className="nav-item"
              >
                <a
                  className="nav-link"
                  href="/resume/"
                  onClick={[Function]}
                >
                  Resume
                </a>
              </li>
              <li
                className="nav-item"
              >
                <a
                  className="nav-link"
                  href="/contact/"
                  onClick={[Function]}
                >
                  Contact
                </a>
              </li>
            </ul>
          </div>
        </div>
      </div>
    </div>
  </header>
  <main>
    <div
      className="container"
    >
      <h1>
        Oslo. Conquering Scandinavia
        <small
          className="text-muted"
        >
          Monday, September 5, 2022
        </small>
      </h1>
      <figure>
        <img
          alt="Oslo. Conquering Scandinavia"
          className="img-responsive gallery-image"
          src="/photographs/2022-08-27_09-10/2022-08-27_09-10_043.webp"
          title="Oslo. Conquering Scandinavia"
        />
      </figure>
      <figure>
        <img
          alt="Oslo. Conquering Scandinavia"
          className="img-responsive gallery-image vertical"
          src="/photographs/2022-08-27_09-10/2022-08-27_09-10_044.webp"
          title="Oslo. Conquering Scandinavia"
        />
      </figure>
      <figure>
        <img
          alt="Oslo. Conquering Scandinavia"
          className="img-responsive gallery-image vertical"
          src="/photographs/2022-08-27_09-10/2022-08-27_09-10_045.webp"
          title="Oslo. Conquering Scandinavia"
        />
      </figure>
      <figure>
        <img
          alt="Oslo. Conquering Scandinavia"
          className="img-responsive gallery-image vertical"
          src="/photographs/2022-08-27_09-10/2022-08-27_09-10_046.webp"
          title="Oslo. Conquering Scandinavia"
        />
      </figure>
      <figure>
        <img
          alt="Oslo. Conquering Scandinavia"
          className="img-responsive gallery-image vertical"
          src="/photographs/2022-08-27_09-10/2022-08-27_09-10_047.webp"
          title="Oslo. Conquering Scandinavia"
        />
      </figure>
      <figure>
        <img
          alt="Oslo. Conquering Scandinavia"
          className="img-responsive gallery-image"
          src="/photographs/2022-08-27_09-10/2022-08-27_09-10_048.webp"
          title="Oslo. Conquering Scandinavia"
        />
      </figure>
      <figure>
        <img
          alt="Oslo. Conquering Scandinavia"
          className="img-responsive gallery-image vertical"
          src="/photographs/2022-08-27_09-10/2022-08-27_09-10_049.webp"
          title="Oslo. Conquering Scandinavia"
        />
      </figure>
      <figure>
        <img
          alt="Oslo. Conquering Scandinavia"
          className="img-responsive gallery-image"
          src="/photographs/2022-08-27_09-10/2022-08-27_09-10_050.webp"
          title="Oslo. Conquering Scandinavia"
        />
      </figure>
      <figure>
        <img
          alt="Oslo. Conquering Scandinavia"
          className="img-responsive gallery-image"
          src="/photographs/2022-08-27_09-10/2022-08-27_09-10_051.webp"
          title="Oslo. Conquering Scandinavia"
        />
      </figure>
      <figure>
        <img
          alt="Oslo. Conquering Scandinavia"
          className="img-responsive gallery-image"
          src="/photographs/2022-08-27_09-10/2022-08-27_09-10_052.webp"
          title="Oslo. Conquering Scandinavia"
        />
      </figure>
      <figure>
        <img
          alt="Oslo. Conquering Scandinavia"
          className="img-responsive gallery-image"
          src="/photographs/2022-08-27_09-10/2022-08-27_09-10_053.webp"
          title="Oslo. Conquering Scandinavia"
        />
      </figure>
      <figure>
        <img
          alt="Oslo. Conquering Scandinavia - Barcode Oslo"
          className="img-responsive gallery-image vertical"
          src="/photographs/2022-08-27_09-10/2022-08-27_09-10_054.webp"
          title="Barcode Oslo"
        />
        <figcaption
          className="image-caption vertical"
        >
          Barcode Oslo
        </figcaption>
      </figure>
      <figure>
        <img
          alt="Oslo. Conquering Scandinavia - Norwegian National Opera and Ballet"
          className="img-responsive gallery-image vertical"
          src="/photographs/2022-08-27_09-10/2022-08-27_09-10_055.webp"
          title="Norwegian National Opera and Ballet"
        />
        <figcaption
          className="image-caption vertical"
        >
          Norwegian National Opera and Ballet
        </figcaption>
      </figure>
      <figure>
        <img
          alt="Oslo. Conquering Scandinavia"
          className="img-responsive gallery-image vertical"
          src="/photographs/2022-08-27_09-10/2022-08-27_09-10_056.webp"
          title="Oslo. Conquering Scandinavia"
        />
      </figure>
      <figure>
        <img
          alt="Oslo. Conquering Scandinavia - Vigeland Sculpture Park"
          className="img-responsive gallery-image"
          src="/photographs/2022-08-27_09-10/2022-08-27_09-10_057.webp"
          title="Vigeland Sculpture Park"
        />
        <figcaption
          className="image-caption"
        >
          Vigeland Sculpture Park
        </figcaption>
      </figure>
      <figure>
        <img
          alt="Oslo. Conquering Scandinavia"
          className="img-responsive gallery-image vertical"
          src="/photographs/2022-08-27_09-10/2022-08-27_09-10_058.webp"
          title="Oslo. Conquering Scandinavia"
        />
      </figure>
      <figure>
        <img
          alt="Oslo. Conquering Scandinavia"
          className="img-responsive gallery-image vertical"
          src="/photographs/2022-08-27_09-10/2022-08-27_09-10_059.webp"
          title="Oslo. Conquering Scandinavia"
        />
      </figure>
      <figure>
        <img
          alt="Oslo. Conquering Scandinavia"
          className="img-responsive gallery-image vertical"
          src="/photographs/2022-08-27_09-10/2022-08-27_09-10_060.webp"
          title="Oslo. Conquering Scandinavia"
        />
      </figure>
      <figure>
        <img
          alt="Oslo. Conquering Scandinavia"
          className="img-responsive gallery-image vertical"
          src="/photographs/2022-08-27_09-10/2022-08-27_09-10_061.webp"
          title="Oslo. Conquering Scandinavia"
        />
      </figure>
      <figure>
        <img
          alt="Oslo. Conquering Scandinavia"
          className="img-responsive gallery-image vertical"
          src="/photographs/2022-08-27_09-10/2022-08-27_09-10_062.webp"
          title="Oslo. Conquering Scandinavia"
        />
      </figure>
      <figure>
        <img
          alt="Oslo. Conquering Scandinavia"
          className="img-responsive gallery-image vertical"
          src="/photographs/2022-08-27_09-10/2022-08-27_09-10_063.webp"
          title="Oslo. Conquering Scandinavia"
        />
      </figure>
      <figure>
        <img
          alt="Oslo. Conquering Scandinavia"
          className="img-responsive gallery-image vertical"
          src="/photographs/2022-08-27_09-10/2022-08-27_09-10_064.webp"
          title="Oslo. Conquering Scandinavia"
        />
      </figure>
      <figure>
        <img
          alt="Oslo. Conquering Scandinavia"
          className="img-responsive gallery-image vertical"
          src="/photographs/2022-08-27_09-10/2022-08-27_09-10_065.webp"
          title="Oslo. Conquering Scandinavia"
        />
      </figure>
      <figure>
        <img
          alt="Oslo. Conquering Scandinavia"
          className="img-responsive gallery-image"
          src="/photographs/2022-08-27_09-10/2022-08-27_09-10_066.webp"
          title="Oslo. Conquering Scandinavia"
        />
      </figure>
      <figure>
        <img
          alt="Oslo. Conquering Scandinavia"
          className="img-responsive gallery-image vertical"
          src="/photographs/2022-08-27_09-10/2022-08-27_09-10_067.webp"
          title="Oslo. Conquering Scandinavia"
        />
      </figure>
      <figure>
        <img
          alt="Oslo. Conquering Scandinavia"
          className="img-responsive gallery-image vertical"
          src="/photographs/2022-08-27_09-10/2022-08-27_09-10_068.webp"
          title="Oslo. Conquering Scandinavia"
        />
      </figure>
      <figure>
        <img
          alt="Oslo. Conquering Scandinavia"
          className="img-responsive gallery-image"
          src="/photographs/2022-08-27_09-10/2022-08-27_09-10_069.webp"
          title="Oslo. Conquering Scandinavia"
        />
      </figure>
      <figure>
        <img
          alt="Oslo. Conquering Scandinavia - Norwegian National Opera and Ballet"
          className="img-responsive gallery-image"
          src="/photographs/2022-08-27_09-10/2022-08-27_09-10_070.webp"
          title="Norwegian National Opera and Ballet"
        />
        <figcaption
          className="image-caption"
        >
          Norwegian National Opera and Ballet
        </figcaption>
      </figure>
      <figure>
        <img
          alt="Oslo. Conquering Scandinavia"
          className="img-responsive gallery-image vertical"
          src="/photographs/2022-08-27_09-10/2022-08-27_09-10_071.webp"
          title="Oslo. Conquering Scandinavia"
        />
      </figure>
      <figure>
        <img
          alt="Oslo. Conquering Scandinavia - Munch Museum"
          className="img-responsive gallery-image"
          src="/photographs/2022-08-27_09-10/2022-08-27_09-10_072.webp"
          title="Munch Museum"
        />
        <figcaption
          className="image-caption"
        >
          Munch Museum
        </figcaption>
      </figure>
      <figure>
        <img
          alt="Oslo. Conquering Scandinavia"
          className="img-responsive gallery-image vertical"
          src="/photographs/2022-08-27_09-10/2022-08-27_09-10_073.webp"
          title="Oslo. Conquering Scandinavia"
        />
      </figure>
      <figure>
        <img
          alt="Oslo. Conquering Scandinavia"
          className="img-responsive gallery-image vertical"
          src="/photographs/2022-08-27_09-10/2022-08-27_09-10_074.webp"
          title="Oslo. Conquering Scandinavia"
        />
      </figure>
      <figure>
        <img
          alt="Oslo. Conquering Scandinavia"
          className="img-responsive gallery-image"
          src="/photographs/2022-08-27_09-10/2022-08-27_09-10_075.webp"
          title="Oslo. Conquering Scandinavia"
        />
      </figure>
      <figure>
        <img
          alt="Oslo. Conquering Scandinavia"
          className="img-responsive gallery-image"
          src="/photographs/2022-08-27_09-10/2022-08-27_09-10_076.webp"
          title="Oslo. Conquering Scandinavia"
        />
      </figure>
      <figure>
        <img
          alt="Oslo. Conquering Scandinavia"
          className="img-responsive gallery-image"
          src="/photographs/2022-08-27_09-10/2022-08-27_09-10_077.webp"
          title="Oslo. Conquering Scandinavia"
        />
      </figure>
      <figure>
        <img
          alt="Oslo. Conquering Scandinavia"
          className="img-responsive gallery-image vertical"
          src="/photographs/2022-08-27_09-10/2022-08-27_09-10_078.webp"
          title="Oslo. Conquering Scandinavia"
        />
      </figure>
      <figure>
        <img
          alt="Oslo. Conquering Scandinavia"
          className="img-responsive gallery-image"
          src="/photographs/2022-08-27_09-10/2022-08-27_09-10_079.webp"
          title="Oslo. Conquering Scandinavia"
        />
      </figure>
      <figure>
        <img
          alt="Oslo. Conquering Scandinavia"
          className="img-responsive gallery-image vertical"
          src="/photographs/2022-08-27_09-10/2022-08-27_09-10_080.webp"
          title="Oslo. Conquering Scandinavia"
        />
      </figure>
      <figure>
        <img
          alt="Oslo. Conquering Scandinavia"
          className="img-responsive gallery-image"
          src="/photographs/2022-08-27_09-10/2022-08-27_09-10_081.webp"
          title="Oslo. Conquering Scandinavia"
        />
      </figure>
      <figure>
        <img
          alt="Oslo. Conquering Scandinavia - Statoil Office"
          className="img-responsive gallery-image"
          src="/photographs/2022-08-27_09-10/2022-08-27_09-10_082.webp"
          title="Statoil Office"
        />
        <figcaption
          className="image-caption"
        >
          Statoil Office
        </figcaption>
      </figure>
      <figure>
        <img
          alt="Oslo. Conquering Scandinavia"
          className="img-responsive gallery-image"
          src="/photographs/2022-08-27_09-10/2022-08-27_09-10_083.webp"
          title="Oslo. Conquering Scandinavia"
        />
      </figure>
      <figure>
        <img
          alt="Oslo. Conquering Scandinavia"
          className="img-responsive gallery-image"
          src="/photographs/2022-08-27_09-10/2022-08-27_09-10_084.webp"
          title="Oslo. Conquering Scandinavia"
        />
      </figure>
      <figure>
        <img
          alt="Oslo. Conquering Scandinavia"
          className="img-responsive gallery-image"
          src="/photographs/2022-08-27_09-10/2022-08-27_09-10_085.webp"
          title="Oslo. Conquering Scandinavia"
        />
      </figure>
      <figure>
        <img
          alt="Oslo. Conquering Scandinavia"
          className="img-responsive gallery-image vertical"
          src="/photographs/2022-08-27_09-10/2022-08-27_09-10_086.webp"
          title="Oslo. Conquering Scandinavia"
        />
      </figure>
      <figure>
        <img
          alt="Oslo. Conquering Scandinavia - City Hall"
          className="img-responsive gallery-image"
          src="/photographs/2022-08-27_09-10/2022-08-27_09-10_087.webp"
          title="City Hall"
        />
        <figcaption
          className="image-caption"
        >
          City Hall
        </figcaption>
      </figure>
      <figure>
        <img
          alt="Oslo. Conquering Scandinavia"
          className="img-responsive gallery-image vertical"
          src="/photographs/2022-08-27_09-10/2022-08-27_09-10_088.webp"
          title="Oslo. Conquering Scandinavia"
        />
      </figure>
      <figure>
        <img
          alt="Oslo. Conquering Scandinavia"
          className="img-responsive gallery-image vertical"
          src="/photographs/2022-08-27_09-10/2022-08-27_09-10_089.webp"
          title="Oslo. Conquering Scandinavia"
        />
      </figure>
      <figure>
        <img
          alt="Oslo. Conquering Scandinavia - Akerhus Fortres"
          className="img-responsive gallery-image vertical"
          src="/photographs/2022-08-27_09-10/2022-08-27_09-10_090.webp"
          title="Akerhus Fortres"
        />
        <figcaption
          className="image-caption vertical"
        >
          Akerhus Fortres
        </figcaption>
      </figure>
      <figure>
        <img
          alt="Oslo. Conquering Scandinavia"
          className="img-responsive gallery-image"
          src="/photographs/2022-08-27_09-10/2022-08-27_09-10_091.webp"
          title="Oslo. Conquering Scandinavia"
        />
      </figure>
      <figure>
        <img
          alt="Oslo. Conquering Scandinavia"
          className="img-responsive gallery-image"
          src="/photographs/2022-08-27_09-10/2022-08-27_09-10_092.webp"
          title="Oslo. Conquering Scandinavia"
        />
      </figure>
      <figure>
        <img
          alt="Oslo. Conquering Scandinavia"
          className="img-responsive gallery-image vertical"
          src="/photographs/2022-08-27_09-10/2022-08-27_09-10_093.webp"
          title="Oslo. Conquering Scandinavia"
        />
      </figure>
      <figure>
        <img
          alt="Oslo. Conquering Scandinavia"
          className="img-responsive gallery-image vertical"
          src="/photographs/2022-08-27_09-10/2022-08-27_09-10_094.webp"
          title="Oslo. Conquering Scandinavia"
        />
      </figure>
    </div>
  </main>
  <footer>
    <div
      className="container"
    >
      <hr
        className="footer-divider"
      />
      <ul
        className="piped-links float-end"
      >
        <li
          className="first piped-links-short"
        >
          <a
            href="/resume/"
            onClick={[Function]}
          >
            About
          </a>
        </li>
        <li
          className="first piped-links-long"
        >
          <a
            href="/resume/"
            onClick={[Function]}
          >
            About Andrey Pudov
          </a>
        </li>
        <li>
          <a
            href="/contact/"
            onClick={[Function]}
          >
            Contact
          </a>
        </li>
      </ul>
      <ul
        className="piped-links"
      >
        <p
          className="piped-links-long"
        >
          Copyright © 2025 Andrey Pudov. All rights reserved.
        </p>
        <p
          className="piped-links-short"
        >
          © 2025 Andrey Pudov. All rights reserved.
        </p>
      </ul>
    </div>
  </footer>
</div>
`;
