// Jest Snapshot v1, https://goo.gl/fbAQLP

exports[`renders correctly 1`] = `
<div
  className="layout"
>
  <header>
    <div
      className="container"
    >
      <div
        className="navbar navbar-expand-md navbar-dark"
      >
        <div
          className="container-fluid"
        >
          <a
            className="navbar-brand mx-auto"
            href="/"
            onClick={[Function]}
          >
            Andrey Pudov
          </a>
          <button
            aria-controls="navbarMain"
            aria-expanded="false"
            aria-label="Toggle navigation"
            className="navbar-toggler"
            data-bs-target="#navbarMain"
            data-bs-toggle="collapse"
            type="button"
          >
            <span
              className="navbar-toggler-icon"
            />
          </button>
          <div
            className="collapse navbar-collapse justify-content-sm-center"
            id="navbarMain"
          >
            <ul
              className="navbar-nav"
            >
              <li
                className="nav-item"
              >
                <a
                  className="nav-link"
                  href="/albums/"
                  onClick={[Function]}
                >
                  Albums
                </a>
              </li>
              <li
                className="nav-item"
              >
                <a
                  className="nav-link"
                  href="/contents/"
                  onClick={[Function]}
                >
                  Contents
                </a>
              </li>
              <li
                className="nav-item"
              >
                <a
                  className="nav-link"
                  href="/resume/"
                  onClick={[Function]}
                >
                  Resume
                </a>
              </li>
              <li
                className="nav-item"
              >
                <a
                  className="nav-link"
                  href="/contact/"
                  onClick={[Function]}
                >
                  Contact
                </a>
              </li>
            </ul>
          </div>
        </div>
      </div>
    </div>
  </header>
  <main>
    <div
      className="container"
    >
      <h1>
        Turó de l'Home
        <small
          className="text-muted"
        >
          Sunday, August 7, 2022
        </small>
      </h1>
      <figure>
        <img
          alt="Turó de l'Home"
          className="img-responsive gallery-image"
          src="/photographs/2022-08-07/2022-08-07_001.webp"
        />
      </figure>
      <figure>
        <img
          alt="Turó de l'Home"
          className="img-responsive gallery-image"
          src="/photographs/2022-08-07/2022-08-07_002.webp"
        />
      </figure>
      <figure>
        <img
          alt="Turó de l'Home"
          className="img-responsive gallery-image vertical"
          src="/photographs/2022-08-07/2022-08-07_003.webp"
        />
      </figure>
      <figure>
        <img
          alt="Turó de l'Home"
          className="img-responsive gallery-image"
          src="/photographs/2022-08-07/2022-08-07_004.webp"
        />
      </figure>
      <figure>
        <img
          alt="Turó de l'Home"
          className="img-responsive gallery-image vertical"
          src="/photographs/2022-08-07/2022-08-07_005.webp"
        />
      </figure>
      <figure>
        <img
          alt="Turó de l'Home"
          className="img-responsive gallery-image vertical"
          src="/photographs/2022-08-07/2022-08-07_006.webp"
        />
      </figure>
      <figure>
        <img
          alt="Turó de l'Home"
          className="img-responsive gallery-image vertical"
          src="/photographs/2022-08-07/2022-08-07_007.webp"
        />
      </figure>
      <figure>
        <img
          alt="Turó de l'Home"
          className="img-responsive gallery-image"
          src="/photographs/2022-08-07/2022-08-07_008.webp"
        />
      </figure>
      <figure>
        <img
          alt="Turó de l'Home"
          className="img-responsive gallery-image vertical"
          src="/photographs/2022-08-07/2022-08-07_009.webp"
        />
      </figure>
      <figure>
        <img
          alt="Turó de l'Home"
          className="img-responsive gallery-image"
          src="/photographs/2022-08-07/2022-08-07_010.webp"
        />
      </figure>
      <figure>
        <img
          alt="Turó de l'Home"
          className="img-responsive gallery-image vertical"
          src="/photographs/2022-08-07/2022-08-07_011.webp"
        />
      </figure>
      <figure>
        <img
          alt="Turó de l'Home"
          className="img-responsive gallery-image"
          src="/photographs/2022-08-07/2022-08-07_012.webp"
        />
      </figure>
      <figure>
        <img
          alt="Turó de l'Home"
          className="img-responsive gallery-image"
          src="/photographs/2022-08-07/2022-08-07_013.webp"
        />
      </figure>
      <figure>
        <img
          alt="Turó de l'Home"
          className="img-responsive gallery-image"
          src="/photographs/2022-08-07/2022-08-07_014.webp"
        />
      </figure>
      <figure>
        <img
          alt="Turó de l'Home"
          className="img-responsive gallery-image"
          src="/photographs/2022-08-07/2022-08-07_015.webp"
        />
      </figure>
      <figure>
        <img
          alt="Turó de l'Home"
          className="img-responsive gallery-image"
          src="/photographs/2022-08-07/2022-08-07_016.webp"
        />
      </figure>
      <figure>
        <img
          alt="Turó de l'Home"
          className="img-responsive gallery-image"
          src="/photographs/2022-08-07/2022-08-07_017.webp"
        />
      </figure>
      <figure>
        <img
          alt="Turó de l'Home"
          className="img-responsive gallery-image vertical"
          src="/photographs/2022-08-07/2022-08-07_018.webp"
        />
      </figure>
      <figure>
        <img
          alt="Turó de l'Home"
          className="img-responsive gallery-image"
          src="/photographs/2022-08-07/2022-08-07_019.webp"
        />
      </figure>
      <figure>
        <img
          alt="Turó de l'Home"
          className="img-responsive gallery-image"
          src="/photographs/2022-08-07/2022-08-07_020.webp"
        />
      </figure>
      <figure>
        <img
          alt="Turó de l'Home"
          className="img-responsive gallery-image vertical"
          src="/photographs/2022-08-07/2022-08-07_021.webp"
        />
      </figure>
      <figure>
        <img
          alt="Turó de l'Home"
          className="img-responsive gallery-image"
          src="/photographs/2022-08-07/2022-08-07_022.webp"
        />
      </figure>
      <figure>
        <img
          alt="Turó de l'Home"
          className="img-responsive gallery-image vertical"
          src="/photographs/2022-08-07/2022-08-07_023.webp"
        />
      </figure>
      <figure>
        <img
          alt="Turó de l'Home"
          className="img-responsive gallery-image vertical"
          src="/photographs/2022-08-07/2022-08-07_024.webp"
        />
      </figure>
      <figure>
        <img
          alt="Turó de l'Home"
          className="img-responsive gallery-image vertical"
          src="/photographs/2022-08-07/2022-08-07_025.webp"
        />
      </figure>
      <figure>
        <img
          alt="Turó de l'Home"
          className="img-responsive gallery-image"
          src="/photographs/2022-08-07/2022-08-07_026.webp"
        />
      </figure>
      <figure>
        <img
          alt="Turó de l'Home"
          className="img-responsive gallery-image"
          src="/photographs/2022-08-07/2022-08-07_027.webp"
        />
      </figure>
      <figure>
        <img
          alt="Turó de l'Home"
          className="img-responsive gallery-image"
          src="/photographs/2022-08-07/2022-08-07_028.webp"
        />
      </figure>
      <figure>
        <img
          alt="Turó de l'Home"
          className="img-responsive gallery-image"
          src="/photographs/2022-08-07/2022-08-07_029.webp"
        />
      </figure>
      <figure>
        <img
          alt="Turó de l'Home"
          className="img-responsive gallery-image"
          src="/photographs/2022-08-07/2022-08-07_030.webp"
        />
      </figure>
      <figure>
        <img
          alt="Turó de l'Home"
          className="img-responsive gallery-image"
          src="/photographs/2022-08-07/2022-08-07_031.webp"
        />
      </figure>
    </div>
  </main>
  <footer>
    <div
      className="container"
    >
      <hr
        className="footer-divider"
      />
      <ul
        className="piped-links float-end"
      >
        <li
          className="first piped-links-short"
        >
          <a
            href="/resume/"
            onClick={[Function]}
          >
            About
          </a>
        </li>
        <li
          className="first piped-links-long"
        >
          <a
            href="/resume/"
            onClick={[Function]}
          >
            About Andrey Pudov
          </a>
        </li>
        <li>
          <a
            href="/contact/"
            onClick={[Function]}
          >
            Contact
          </a>
        </li>
      </ul>
      <ul
        className="piped-links"
      >
        <p
          className="piped-links-long"
        >
          Copyright © 2023 Andrey Pudov. All rights reserved.
        </p>
        <p
          className="piped-links-short"
        >
          © 2023 Andrey Pudov. All rights reserved.
        </p>
      </ul>
    </div>
  </footer>
</div>
`;
