// Jest Snapshot v1, https://goo.gl/fbAQLP

exports[`renders correctly 1`] = `
<div
  className="layout"
>
  <header>
    <div
      className="container"
    >
      <div
        className="navbar navbar-expand-md navbar-dark"
      >
        <div
          className="container-fluid"
        >
          <a
            className="navbar-brand mx-auto"
            href="/"
            onClick={[Function]}
          >
            Andrey Pudov
          </a>
          <button
            aria-controls="navbarMain"
            aria-expanded="false"
            aria-label="Toggle navigation"
            className="navbar-toggler"
            data-bs-target="#navbarMain"
            data-bs-toggle="collapse"
            type="button"
          >
            <span
              className="navbar-toggler-icon"
            />
          </button>
          <div
            className="collapse navbar-collapse justify-content-sm-center"
            id="navbarMain"
          >
            <ul
              className="navbar-nav"
            >
              <li
                className="nav-item"
              >
                <a
                  className="nav-link"
                  href="/albums"
                  onClick={[Function]}
                >
                  Albums
                </a>
              </li>
              <li
                className="nav-item"
              >
                <a
                  className="nav-link"
                  href="/contents"
                  onClick={[Function]}
                >
                  Contents
                </a>
              </li>
              <li
                className="nav-item"
              >
                <a
                  className="nav-link"
                  href="/resume"
                  onClick={[Function]}
                >
                  Resume
                </a>
              </li>
              <li
                className="nav-item"
              >
                <a
                  className="nav-link"
                  href="/contact"
                  onClick={[Function]}
                >
                  Contact
                </a>
              </li>
            </ul>
          </div>
        </div>
      </div>
    </div>
  </header>
  <main>
    <div
      className="container"
    >
      <h1>
        Yoshkar-Ola. Tsar's town on Kokshaga River
        <small
          className="text-muted"
        >
          Saturday, May 10, 2014
        </small>
      </h1>
      <figure>
        <img
          alt="Yoshkar-Ola. Tsar's town on Kokshaga River"
          className="img-responsive gallery-image vertical"
          src="/photographs/2014-05-10/2014-05-10_001_large.webp"
        />
      </figure>
      <figure>
        <img
          alt="Yoshkar-Ola. Tsar's town on Kokshaga River"
          className="img-responsive gallery-image"
          src="/photographs/2014-05-10/2014-05-10_002_large.webp"
        />
      </figure>
      <figure>
        <img
          alt="Yoshkar-Ola. Tsar's town on Kokshaga River"
          className="img-responsive gallery-image"
          src="/photographs/2014-05-10/2014-05-10_003_large.webp"
        />
      </figure>
      <figure>
        <img
          alt="Yoshkar-Ola. Tsar's town on Kokshaga River"
          className="img-responsive gallery-image"
          src="/photographs/2014-05-10/2014-05-10_004_large.webp"
        />
      </figure>
      <figure>
        <img
          alt="Yoshkar-Ola. Tsar's town on Kokshaga River"
          className="img-responsive gallery-image vertical"
          src="/photographs/2014-05-10/2014-05-10_005_large.webp"
        />
      </figure>
      <figure>
        <img
          alt="Yoshkar-Ola. Tsar's town on Kokshaga River"
          className="img-responsive gallery-image"
          src="/photographs/2014-05-10/2014-05-10_006_large.webp"
        />
      </figure>
      <figure>
        <img
          alt="Monument to Yoshkin сat, the hero of a colloquial expression with a similar sounding. Today Yoshkin cat is an integral part of Yoshkar-Ola brands. The authors of the monument are Anatoly Shirnin, Sergey Yandubaev, and Alexey Shilov."
          className="img-responsive gallery-image"
          src="/photographs/2014-05-10/2014-05-10_007_large.webp"
        />
        <figcaption
          className="image-caption"
        >
          Monument to Yoshkin сat, the hero of a colloquial expression with a similar sounding. Today Yoshkin cat is an integral part of Yoshkar-Ola brands. The authors of the monument are Anatoly Shirnin, Sergey Yandubaev, and Alexey Shilov.
        </figcaption>
      </figure>
      <figure>
        <img
          alt="Yoshkar-Ola. Tsar's town on Kokshaga River"
          className="img-responsive gallery-image vertical"
          src="/photographs/2014-05-10/2014-05-10_008_large.webp"
        />
      </figure>
      <figure>
        <img
          alt="Monument to Prince Ivan Obolensky-Nogotkov, the founder of the city and the first governor of Tsarevokokshaisk (which literally means - the Tsar's town on Kokshaga River). Ivan Andreevich had a close relationship with the royal court, took an active part in the military and political life of the country. Participated in the suppression of the uprising of the meadow and mountain Mari. The monument was made in 2007 by the Moscow sculptor Andrey Kovalchuk."
          className="img-responsive gallery-image vertical"
          src="/photographs/2014-05-10/2014-05-10_009_large.webp"
        />
        <figcaption
          className="image-caption vertical"
        >
          Monument to Prince Ivan Obolensky-Nogotkov, the founder of the city and the first governor of Tsarevokokshaisk (which literally means - the Tsar's town on Kokshaga River). Ivan Andreevich had a close relationship with the royal court, took an active part in the military and political life of the country. Participated in the suppression of the uprising of the meadow and mountain Mari. The monument was made in 2007 by the Moscow sculptor Andrey Kovalchuk.
        </figcaption>
      </figure>
      <figure>
        <img
          alt="Yoshkar-Ola. Tsar's town on Kokshaga River"
          className="img-responsive gallery-image"
          src="/photographs/2014-05-10/2014-05-10_010_large.webp"
        />
      </figure>
      <figure>
        <img
          alt="The national art gallery is a museum of fine arts that opened on November 4, 2007. In addition to the permanent exhibition of paintings by Mari artists, the gallery regularly hosts exhibitions of various Russian and world collections. The building was built in the architectural style of the Renaissance. The dominant feature is the clock tower. In the upper left corner of the clock, there is an opening gate from which the image of Mary, the mother of Jesus appears. In the lower-left corner of the clock, a donkey moves with Mary's image, symbolizing the coming of the Mother of God to the Mari land."
          className="img-responsive gallery-image"
          src="/photographs/2014-05-10/2014-05-10_011_large.webp"
        />
        <figcaption
          className="image-caption"
        >
          The national art gallery is a museum of fine arts that opened on November 4, 2007. In addition to the permanent exhibition of paintings by Mari artists, the gallery regularly hosts exhibitions of various Russian and world collections. The building was built in the architectural style of the Renaissance. The dominant feature is the clock tower. In the upper left corner of the clock, there is an opening gate from which the image of Mary, the mother of Jesus appears. In the lower-left corner of the clock, a donkey moves with Mary's image, symbolizing the coming of the Mother of God to the Mari land.
        </figcaption>
      </figure>
      <figure>
        <img
          alt="Yoshkar-Ola. Tsar's town on Kokshaga River"
          className="img-responsive gallery-image vertical"
          src="/photographs/2014-05-10/2014-05-10_012_large.webp"
        />
      </figure>
      <figure>
        <img
          alt="Yoshkar-Ola. Tsar's town on Kokshaga River"
          className="img-responsive gallery-image"
          src="/photographs/2014-05-10/2014-05-10_013_large.webp"
        />
      </figure>
      <figure>
        <img
          alt="Yoshkar-Ola. Tsar's town on Kokshaga River"
          className="img-responsive gallery-image"
          src="/photographs/2014-05-10/2014-05-10_014_large.webp"
        />
      </figure>
      <figure>
        <img
          alt="Yoshkar-Ola. Tsar's town on Kokshaga River"
          className="img-responsive gallery-image"
          src="/photographs/2014-05-10/2014-05-10_015_large.webp"
        />
      </figure>
      <figure>
        <img
          alt="Yoshkar-Ola. Tsar's town on Kokshaga River"
          className="img-responsive gallery-image vertical"
          src="/photographs/2014-05-10/2014-05-10_016_large.webp"
        />
      </figure>
      <figure>
        <img
          alt="Yoshkar-Ola. Tsar's town on Kokshaga River"
          className="img-responsive gallery-image"
          src="/photographs/2014-05-10/2014-05-10_017_large.webp"
        />
      </figure>
      <figure>
        <img
          alt="Yoshkar-Ola. Tsar's town on Kokshaga River"
          className="img-responsive gallery-image"
          src="/photographs/2014-05-10/2014-05-10_018_large.webp"
        />
      </figure>
      <figure>
        <img
          alt="Yoshkar-Ola. Tsar's town on Kokshaga River"
          className="img-responsive gallery-image vertical"
          src="/photographs/2014-05-10/2014-05-10_019_large.webp"
        />
      </figure>
      <figure>
        <img
          alt="Bruges Promenade in Yoshkar-Ola. Opened in 2010, the embankment was named after the Belgian city of Bruges due to a certain similarity between the architecture of the buildings and the Flemish architecture of the historical buildings in Bruges. Elements of the embankment are also reflecting Gothic architecture. Houses are built of colored bricks, part of the facades are faced with marble."
          className="img-responsive gallery-image"
          src="/photographs/2014-05-10/2014-05-10_020_large.webp"
        />
        <figcaption
          className="image-caption"
        >
          Bruges Promenade in Yoshkar-Ola. Opened in 2010, the embankment was named after the Belgian city of Bruges due to a certain similarity between the architecture of the buildings and the Flemish architecture of the historical buildings in Bruges. Elements of the embankment are also reflecting Gothic architecture. Houses are built of colored bricks, part of the facades are faced with marble.
        </figcaption>
      </figure>
      <figure>
        <img
          alt="Yoshkar-Ola. Tsar's town on Kokshaga River"
          className="img-responsive gallery-image"
          src="/photographs/2014-05-10/2014-05-10_021_large.webp"
        />
      </figure>
      <figure>
        <img
          alt="Yoshkar-Ola. Tsar's town on Kokshaga River"
          className="img-responsive gallery-image"
          src="/photographs/2014-05-10/2014-05-10_022_large.webp"
        />
      </figure>
      <figure>
        <img
          alt="Yoshkar-Ola. Tsar's town on Kokshaga River"
          className="img-responsive gallery-image"
          src="/photographs/2014-05-10/2014-05-10_023_large.webp"
        />
      </figure>
      <figure>
        <img
          alt="Yoshkar-Ola. Tsar's town on Kokshaga River"
          className="img-responsive gallery-image"
          src="/photographs/2014-05-10/2014-05-10_024_large.webp"
        />
      </figure>
      <figure>
        <img
          alt="The Spasskaya Tower is a smaller replica of the main tower on the eastern wall of the Moscow Kremlin which overlooks Red Square. The original tower was built in 1491 by the Italian architect Pietro Antonio Solari."
          className="img-responsive gallery-image vertical"
          src="/photographs/2014-05-10/2014-05-10_025_large.webp"
        />
        <figcaption
          className="image-caption vertical"
        >
          The Spasskaya Tower is a smaller replica of the main tower on the eastern wall of the Moscow Kremlin which overlooks Red Square. The original tower was built in 1491 by the Italian architect Pietro Antonio Solari.
        </figcaption>
      </figure>
      <figure>
        <img
          alt="Yoshkar-Ola. Tsar's town on Kokshaga River"
          className="img-responsive gallery-image vertical"
          src="/photographs/2014-05-10/2014-05-10_026_large.webp"
        />
      </figure>
      <figure>
        <img
          alt="Voskresenskaya Embankment. Opened on March 27, 2009. On the embankment, there are monuments to Tsar Fyodor Ioannovich, Alexander Pushkin, Nikolai Gogol, as well as an Italian Park designed as a symbol of the revival of the Republic of Mari El, primarily implying the development of arts, and the traditions of patronage."
          className="img-responsive gallery-image"
          src="/photographs/2014-05-10/2014-05-10_027_large.webp"
        />
        <figcaption
          className="image-caption"
        >
          Voskresenskaya Embankment. Opened on March 27, 2009. On the embankment, there are monuments to Tsar Fyodor Ioannovich, Alexander Pushkin, Nikolai Gogol, as well as an Italian Park designed as a symbol of the revival of the Republic of Mari El, primarily implying the development of arts, and the traditions of patronage.
        </figcaption>
      </figure>
      <figure>
        <img
          alt="Yoshkar-Ola. Tsar's town on Kokshaga River"
          className="img-responsive gallery-image"
          src="/photographs/2014-05-10/2014-05-10_028_large.webp"
        />
      </figure>
      <figure>
        <img
          alt="Yoshkar-Ola. Tsar's town on Kokshaga River"
          className="img-responsive gallery-image"
          src="/photographs/2014-05-10/2014-05-10_029_large.webp"
        />
      </figure>
      <figure>
        <img
          alt="Yoshkar-Ola. Tsar's town on Kokshaga River"
          className="img-responsive gallery-image"
          src="/photographs/2014-05-10/2014-05-10_030_large.webp"
        />
      </figure>
      <figure>
        <img
          alt="Yoshkar-Ola. Tsar's town on Kokshaga River"
          className="img-responsive gallery-image"
          src="/photographs/2014-05-10/2014-05-10_031_large.webp"
        />
      </figure>
      <figure>
        <img
          alt="Yoshkar-Ola. Tsar's town on Kokshaga River"
          className="img-responsive gallery-image vertical"
          src="/photographs/2014-05-10/2014-05-10_032_large.webp"
        />
      </figure>
      <figure>
        <img
          alt="Yoshkar-Ola. Tsar's town on Kokshaga River"
          className="img-responsive gallery-image"
          src="/photographs/2014-05-10/2014-05-10_033_large.webp"
        />
      </figure>
      <figure>
        <img
          alt="The Blagoveshchenskaya Tower is another smaller replica of Moscow's Kremlin Spasskaya Tower in Yoshkar-Ola."
          className="img-responsive gallery-image"
          src="/photographs/2014-05-10/2014-05-10_034_large.webp"
        />
        <figcaption
          className="image-caption"
        >
          The Blagoveshchenskaya Tower is another smaller replica of Moscow's Kremlin Spasskaya Tower in Yoshkar-Ola.
        </figcaption>
      </figure>
      <figure>
        <img
          alt="Yoshkar-Ola. Tsar's town on Kokshaga River"
          className="img-responsive gallery-image"
          src="/photographs/2014-05-10/2014-05-10_035_large.webp"
        />
      </figure>
      <figure>
        <img
          alt="Yoshkar-Ola. Tsar's town on Kokshaga River"
          className="img-responsive gallery-image vertical"
          src="/photographs/2014-05-10/2014-05-10_036_large.webp"
        />
      </figure>
      <figure>
        <img
          alt="Yoshkar-Ola. Tsar's town on Kokshaga River"
          className="img-responsive gallery-image vertical"
          src="/photographs/2014-05-10/2014-05-10_037_large.webp"
        />
      </figure>
      <figure>
        <img
          alt="Yoshkar-Ola. Tsar's town on Kokshaga River"
          className="img-responsive gallery-image"
          src="/photographs/2014-05-10/2014-05-10_038_large.webp"
        />
      </figure>
      <figure>
        <img
          alt="Yoshkar-Ola. Tsar's town on Kokshaga River"
          className="img-responsive gallery-image"
          src="/photographs/2014-05-10/2014-05-10_039_large.webp"
        />
      </figure>
      <figure>
        <img
          alt="Yoshkar-Ola. Tsar's town on Kokshaga River"
          className="img-responsive gallery-image vertical"
          src="/photographs/2014-05-10/2014-05-10_040_large.webp"
        />
      </figure>
      <figure>
        <img
          alt="Yoshkar-Ola. Tsar's town on Kokshaga River"
          className="img-responsive gallery-image"
          src="/photographs/2014-05-10/2014-05-10_041_large.webp"
        />
      </figure>
      <figure>
        <img
          alt="Yoshkar-Ola. Tsar's town on Kokshaga River"
          className="img-responsive gallery-image"
          src="/photographs/2014-05-10/2014-05-10_042_large.webp"
        />
      </figure>
      <figure>
        <img
          alt="Yoshkar-Ola. Tsar's town on Kokshaga River"
          className="img-responsive gallery-image vertical"
          src="/photographs/2014-05-10/2014-05-10_043_large.webp"
        />
      </figure>
      <figure>
        <img
          alt="Yoshkar-Ola. Tsar's town on Kokshaga River"
          className="img-responsive gallery-image vertical"
          src="/photographs/2014-05-10/2014-05-10_044_large.webp"
        />
      </figure>
      <figure>
        <img
          alt="Tsarevokokshaisky Kremlin is a modern replica of the historical fortress, built in 1584 by the order of Tsar Feodor I."
          className="img-responsive gallery-image"
          src="/photographs/2014-05-10/2014-05-10_048_large.webp"
        />
        <figcaption
          className="image-caption"
        >
          Tsarevokokshaisky Kremlin is a modern replica of the historical fortress, built in 1584 by the order of Tsar Feodor I.
        </figcaption>
      </figure>
      <figure>
        <img
          alt="Yoshkar-Ola. Tsar's town on Kokshaga River"
          className="img-responsive gallery-image vertical"
          src="/photographs/2014-05-10/2014-05-10_045_large.webp"
        />
      </figure>
      <figure>
        <img
          alt="Yoshkar-Ola. Tsar's town on Kokshaga River"
          className="img-responsive gallery-image vertical"
          src="/photographs/2014-05-10/2014-05-10_046_large.webp"
        />
      </figure>
      <figure>
        <img
          alt="Yoshkar-Ola. Tsar's town on Kokshaga River"
          className="img-responsive gallery-image vertical"
          src="/photographs/2014-05-10/2014-05-10_047_large.webp"
        />
      </figure>
      <figure>
        <img
          alt="Yoshkar-Ola. Tsar's town on Kokshaga River"
          className="img-responsive gallery-image"
          src="/photographs/2014-05-10/2014-05-10_049_large.webp"
        />
      </figure>
      <figure>
        <img
          alt="Yoshkar-Ola. Tsar's town on Kokshaga River"
          className="img-responsive gallery-image vertical"
          src="/photographs/2014-05-10/2014-05-10_050_large.webp"
        />
      </figure>
      <figure>
        <img
          alt="Yoshkar-Ola. Tsar's town on Kokshaga River"
          className="img-responsive gallery-image vertical"
          src="/photographs/2014-05-10/2014-05-10_051_large.webp"
        />
      </figure>
      <figure>
        <img
          alt="Yoshkar-Ola. Tsar's town on Kokshaga River"
          className="img-responsive gallery-image vertical"
          src="/photographs/2014-05-10/2014-05-10_052_large.webp"
        />
      </figure>
      <figure>
        <img
          alt="Yoshkar-Ola. Tsar's town on Kokshaga River"
          className="img-responsive gallery-image vertical"
          src="/photographs/2014-05-10/2014-05-10_053_large.webp"
        />
      </figure>
      <figure>
        <img
          alt="Yoshkar-Ola. Tsar's town on Kokshaga River"
          className="img-responsive gallery-image"
          src="/photographs/2014-05-10/2014-05-10_054_large.webp"
        />
      </figure>
    </div>
  </main>
  <footer>
    <div
      className="container"
    >
      <hr
        className="footer-divider"
      />
      <ul
        className="piped-links float-end"
      >
        <li
          className="first piped-links-short"
        >
          <a
            href="/resume"
            onClick={[Function]}
          >
            About
          </a>
        </li>
        <li
          className="first piped-links-long"
        >
          <a
            href="/resume"
            onClick={[Function]}
          >
            About Andrey Pudov
          </a>
        </li>
        <li>
          <a
            href="/contact"
            onClick={[Function]}
          >
            Contact
          </a>
        </li>
      </ul>
      <ul
        className="piped-links"
      >
        <p
          className="piped-links-long"
        >
          Copyright © 2023 Andrey Pudov. All rights reserved.
        </p>
        <p
          className="piped-links-short"
        >
          © 2023 Andrey Pudov. All rights reserved.
        </p>
      </ul>
    </div>
  </footer>
</div>
`;
