// Jest Snapshot v1, https://goo.gl/fbAQLP

exports[`renders correctly 1`] = `
<div
  className="layout"
>
  <header>
    <div
      className="container"
    >
      <div
        className="navbar navbar-expand-md navbar-dark"
      >
        <div
          className="container-fluid"
        >
          <a
            className="navbar-brand mx-auto"
            href="/"
            onClick={[Function]}
          >
            Andrey Pudov
          </a>
          <button
            aria-controls="navbarMain"
            aria-expanded="false"
            aria-label="Toggle navigation"
            className="navbar-toggler"
            data-bs-target="#navbarMain"
            data-bs-toggle="collapse"
            type="button"
          >
            <span
              className="navbar-toggler-icon"
            />
          </button>
          <div
            className="collapse navbar-collapse justify-content-sm-center"
            id="navbarMain"
          >
            <ul
              className="navbar-nav"
            >
              <li
                className="nav-item"
              >
                <a
                  className="nav-link"
                  href="/albums"
                  onClick={[Function]}
                >
                  Albums
                </a>
              </li>
              <li
                className="nav-item"
              >
                <a
                  className="nav-link"
                  href="/contents"
                  onClick={[Function]}
                >
                  Contents
                </a>
              </li>
              <li
                className="nav-item"
              >
                <a
                  className="nav-link"
                  href="/resume"
                  onClick={[Function]}
                >
                  Resume
                </a>
              </li>
              <li
                className="nav-item"
              >
                <a
                  className="nav-link"
                  href="/contact"
                  onClick={[Function]}
                >
                  Contact
                </a>
              </li>
            </ul>
          </div>
        </div>
      </div>
    </div>
  </header>
  <main>
    <div
      className="container"
    >
      <h1>
        Albums
      </h1>
      <div
        className="row"
      >
        <div
          className="col-md-4"
        >
          <a
            className="card bg-dark text-white gallery-image"
            href="/photographs/favorite-photographs"
            onClick={[Function]}
          >
            <img
              alt=""
              className="card-img"
              src="/photographs/2012-03-17/2012-03-17_031.webp"
            />
            <div
              className="card-img-overlay"
            >
              <h6
                className="card-title"
              >
                Favorite Photographs
              </h6>
            </div>
          </a>
        </div>
        <div
          className="col-md-4"
        >
          <a
            className="card bg-dark text-white gallery-image"
            href="/photographs/andrey-pudov"
            onClick={[Function]}
          >
            <img
              alt=""
              className="card-img"
              src="/photographs/2022-07-09/2022-07-09_025.webp"
            />
            <div
              className="card-img-overlay"
            >
              <h6
                className="card-title"
              >
                Andrey Pudov
              </h6>
            </div>
          </a>
        </div>
        <div
          className="col-md-4"
        >
          <a
            className="card bg-dark text-white gallery-image"
            href="/photographs/crimea"
            onClick={[Function]}
          >
            <img
              alt=""
              className="card-img"
              src="/photographs/2021-07-24_08-02/2021-07-24_08-02_018.webp"
            />
            <div
              className="card-img-overlay"
            >
              <h6
                className="card-title"
              >
                Crimean Holidays
              </h6>
            </div>
          </a>
        </div>
        <div
          className="col-md-4"
        >
          <a
            className="card bg-dark text-white gallery-image"
            href="/drawings/soft-pastel"
            onClick={[Function]}
          >
            <img
              alt=""
              className="card-img"
              src="/drawings/soft-pastel/2021-01-30.webp"
            />
            <div
              className="card-img-overlay"
            >
              <h6
                className="card-title"
              >
                Soft Pastel
              </h6>
            </div>
          </a>
        </div>
        <div
          className="col-md-4"
        >
          <a
            className="card bg-dark text-white gallery-image"
            href="/photographs/altay"
            onClick={[Function]}
          >
            <img
              alt=""
              className="card-img"
              src="/photographs/2020-07-19_08-04/2020-07-19_08-04_100.webp"
            />
            <div
              className="card-img-overlay"
            >
              <h6
                className="card-title"
              >
                Altay. Conquering Siberia 2.0
              </h6>
            </div>
          </a>
        </div>
        <div
          className="col-md-4"
        >
          <a
            className="card bg-dark text-white gallery-image"
            href="/drawings/pencil-sketches"
            onClick={[Function]}
          >
            <img
              alt=""
              className="card-img"
              src="/drawings/pencil-sketches/2020-04-26.webp"
            />
            <div
              className="card-img-overlay"
            >
              <h6
                className="card-title"
              >
                Pencil Sketches
              </h6>
            </div>
          </a>
        </div>
        <div
          className="col-md-4"
        >
          <a
            className="card bg-dark text-white gallery-image"
            href="/photographs/nizhny-novgorod"
            onClick={[Function]}
          >
            <img
              alt=""
              className="card-img"
              src="/photographs/2017-01-29/2017-01-29_002.webp"
            />
            <div
              className="card-img-overlay"
            >
              <h6
                className="card-title"
              >
                Nizhny Novgorod
              </h6>
            </div>
          </a>
        </div>
        <div
          className="col-md-4"
        >
          <a
            className="card bg-dark text-white gallery-image"
            href="/photographs/rekshino"
            onClick={[Function]}
          >
            <img
              alt=""
              className="card-img"
              src="/photographs/2019-10-26/2019-10-26_007.webp"
            />
            <div
              className="card-img-overlay"
            >
              <h6
                className="card-title"
              >
                Rekshino
              </h6>
            </div>
          </a>
        </div>
        <div
          className="col-md-4"
        >
          <a
            className="card bg-dark text-white gallery-image"
            href="/photographs/alina-cherdakova"
            onClick={[Function]}
          >
            <img
              alt=""
              className="card-img"
              src="/photographs/2018-08-18/2018-08-18_013.webp"
            />
            <div
              className="card-img-overlay"
            >
              <h6
                className="card-title"
              >
                Alina Cherdakova
              </h6>
            </div>
          </a>
        </div>
        <div
          className="col-md-4"
        >
          <a
            className="card bg-dark text-white gallery-image"
            href="/photographs/balloon-festival"
            onClick={[Function]}
          >
            <img
              alt=""
              className="card-img"
              src="/photographs/2018-02-24/2018-02-24_002.webp"
            />
            <div
              className="card-img-overlay"
            >
              <h6
                className="card-title"
              >
                Balloon Festival
              </h6>
            </div>
          </a>
        </div>
        <div
          className="col-md-4"
        >
          <a
            className="card bg-dark text-white gallery-image"
            href="/photographs/rome-malta"
            onClick={[Function]}
          >
            <img
              alt=""
              className="card-img"
              src="/photographs/2017-12-18_2018-01-05/2017-12-18_2018-01-05_022_large.webp"
            />
            <div
              className="card-img-overlay"
            >
              <h6
                className="card-title"
              >
                Conquering Rome and Order of Malta
              </h6>
            </div>
          </a>
        </div>
        <div
          className="col-md-4"
        >
          <a
            className="card bg-dark text-white gallery-image"
            href="/photographs/kira-orlova"
            onClick={[Function]}
          >
            <img
              alt=""
              className="card-img"
              src="/photographs/2017-10-22/2017-10-22_016_large.webp"
            />
            <div
              className="card-img-overlay"
            >
              <h6
                className="card-title"
              >
                Kira Orlova
              </h6>
            </div>
          </a>
        </div>
        <div
          className="col-md-4"
        >
          <a
            className="card bg-dark text-white gallery-image"
            href="/photographs/united-states-2.0"
            onClick={[Function]}
          >
            <img
              alt=""
              className="card-img"
              src="/photographs/2017-09-09_24/2017-09-09_24_018_large.webp"
            />
            <div
              className="card-img-overlay"
            >
              <h6
                className="card-title"
              >
                Conquering America 2.0
              </h6>
            </div>
          </a>
        </div>
        <div
          className="col-md-4"
        >
          <a
            className="card bg-dark text-white gallery-image"
            href="/photographs/strigino"
            onClick={[Function]}
          >
            <img
              alt=""
              className="card-img"
              src="/photographs/2017-08-23/2017-08-23_001.webp"
            />
            <div
              className="card-img-overlay"
            >
              <h6
                className="card-title"
              >
                Strigino International Airport
              </h6>
            </div>
          </a>
        </div>
        <div
          className="col-md-4"
        >
          <a
            className="card bg-dark text-white gallery-image"
            href="/photographs/maks"
            onClick={[Function]}
          >
            <img
              alt=""
              className="card-img"
              src="/photographs/2017-07-22/2017-07-22_013.webp"
            />
            <div
              className="card-img-overlay"
            >
              <h6
                className="card-title"
              >
                MAKS International Aviation and Space Show
              </h6>
            </div>
          </a>
        </div>
        <div
          className="col-md-4"
        >
          <a
            className="card bg-dark text-white gallery-image"
            href="/photographs/tatyana-bysheva"
            onClick={[Function]}
          >
            <img
              alt=""
              className="card-img"
              src="/photographs/2017-07-22/2017-07-22_001.webp"
            />
            <div
              className="card-img-overlay"
            >
              <h6
                className="card-title"
              >
                Tatyana Bysheva
              </h6>
            </div>
          </a>
        </div>
        <div
          className="col-md-4"
        >
          <a
            className="card bg-dark text-white gallery-image"
            href="/photographs/ramon-palace"
            onClick={[Function]}
          >
            <img
              alt=""
              className="card-img"
              src="/photographs/2017-01-07/2017-01-07_001.webp"
            />
            <div
              className="card-img-overlay"
            >
              <h6
                className="card-title"
              >
                Ramon Palace
              </h6>
            </div>
          </a>
        </div>
        <div
          className="col-md-4"
        >
          <a
            className="card bg-dark text-white gallery-image"
            href="/photographs/partners-day"
            onClick={[Function]}
          >
            <img
              alt=""
              className="card-img"
              src="/photographs/2016-11-09/2016-11-09_010.webp"
            />
            <div
              className="card-img-overlay"
            >
              <h6
                className="card-title"
              >
                Intel Partners Day
              </h6>
            </div>
          </a>
        </div>
        <div
          className="col-md-4"
        >
          <a
            className="card bg-dark text-white gallery-image"
            href="/photographs/united-states"
            onClick={[Function]}
          >
            <img
              alt=""
              className="card-img"
              src="/photographs/2016-10-15_11-05/2016-10-15_11-05_019_large.webp"
            />
            <div
              className="card-img-overlay"
            >
              <h6
                className="card-title"
              >
                Conquering America
              </h6>
            </div>
          </a>
        </div>
        <div
          className="col-md-4"
        >
          <a
            className="card bg-dark text-white gallery-image"
            href="/photographs/kaliningrad"
            onClick={[Function]}
          >
            <img
              alt=""
              className="card-img"
              src="/photographs/2016-08-24_30/2016-08-24_30_023_large.webp"
            />
            <div
              className="card-img-overlay"
            >
              <h6
                className="card-title"
              >
                Kaliningrad. The amber capital of the World
              </h6>
            </div>
          </a>
        </div>
        <div
          className="col-md-4"
        >
          <a
            className="card bg-dark text-white gallery-image"
            href="/photographs/formula-sochi-2.0"
            onClick={[Function]}
          >
            <img
              alt=""
              className="card-img"
              src="/photographs/2016-04-27_05-04/2016-04-27_05-04_002.webp"
            />
            <div
              className="card-img-overlay"
            >
              <h6
                className="card-title"
              >
                2016 Formula 1 Russian Grand Prix
              </h6>
            </div>
          </a>
        </div>
        <div
          className="col-md-4"
        >
          <a
            className="card bg-dark text-white gallery-image"
            href="/photographs/lolita-rakhmatova"
            onClick={[Function]}
          >
            <img
              alt=""
              className="card-img"
              src="/photographs/2015-12-12/2015-12-12_002.webp"
            />
            <div
              className="card-img-overlay"
            >
              <h6
                className="card-title"
              >
                Lolita Rakhmatova
              </h6>
            </div>
          </a>
        </div>
        <div
          className="col-md-4"
        >
          <a
            className="card bg-dark text-white gallery-image"
            href="/photographs/intel-products"
            onClick={[Function]}
          >
            <img
              alt=""
              className="card-img"
              src="/photographs/2016-04-15/2015-04-12_002.webp"
            />
            <div
              className="card-img-overlay"
            >
              <h6
                className="card-title"
              >
                Intel Software Products
              </h6>
            </div>
          </a>
        </div>
        <div
          className="col-md-4"
        >
          <a
            className="card bg-dark text-white gallery-image"
            href="/photographs/formula-sochi"
            onClick={[Function]}
          >
            <img
              alt=""
              className="card-img"
              src="/photographs/2015-10-05_11/2015-10-05_11_064_large.webp"
            />
            <div
              className="card-img-overlay"
            >
              <h6
                className="card-title"
              >
                2015 Formula 1 Russian Grand Prix
              </h6>
            </div>
          </a>
        </div>
        <div
          className="col-md-4"
        >
          <a
            className="card bg-dark text-white gallery-image"
            href="/photographs/asia-farakshina"
            onClick={[Function]}
          >
            <img
              alt=""
              className="card-img"
              src="/photographs/2015-08-14/2015-08-14_006.webp"
            />
            <div
              className="card-img-overlay"
            >
              <h6
                className="card-title"
              >
                Asia Farakshina
              </h6>
            </div>
          </a>
        </div>
        <div
          className="col-md-4"
        >
          <a
            className="card bg-dark text-white gallery-image"
            href="/photographs/lake-baikal"
            onClick={[Function]}
          >
            <img
              alt=""
              className="card-img"
              src="/photographs/2015-07-27_08-08/2015-07-27_08-08_035_large.webp"
            />
            <div
              className="card-img-overlay"
            >
              <h6
                className="card-title"
              >
                Lake Baikal
              </h6>
            </div>
          </a>
        </div>
        <div
          className="col-md-4"
        >
          <a
            className="card bg-dark text-white gallery-image"
            href="/photographs/lake-baikal-team"
            onClick={[Function]}
          >
            <img
              alt=""
              className="card-img"
              src="/photographs/2015-07-27_08-08_2/2015-07-27_08-08_002.webp"
            />
            <div
              className="card-img-overlay"
            >
              <h6
                className="card-title"
              >
                Lake Baikal Team
              </h6>
            </div>
          </a>
        </div>
        <div
          className="col-md-4"
        >
          <a
            className="card bg-dark text-white gallery-image"
            href="/photographs/military-museum"
            onClick={[Function]}
          >
            <img
              alt=""
              className="card-img"
              src="/photographs/2014-12-21_25_museum/2014-12-21_25_002_large.webp"
            />
            <div
              className="card-img-overlay"
            >
              <h6
                className="card-title"
              >
                Battle Glory of the Urals
              </h6>
            </div>
          </a>
        </div>
        <div
          className="col-md-4"
        >
          <a
            className="card bg-dark text-white gallery-image"
            href="/photographs/ekaterinburg"
            onClick={[Function]}
          >
            <img
              alt=""
              className="card-img"
              src="/photographs/2014-12-21_25_city/2014-12-21_064_large.webp"
            />
            <div
              className="card-img-overlay"
            >
              <h6
                className="card-title"
              >
                Ekaterinburg. The Picture of City
              </h6>
            </div>
          </a>
        </div>
        <div
          className="col-md-4"
        >
          <a
            className="card bg-dark text-white gallery-image"
            href="/photographs/yoshkar-ola"
            onClick={[Function]}
          >
            <img
              alt=""
              className="card-img"
              src="/photographs/2014-05-10/2014-05-10_024_large.webp"
            />
            <div
              className="card-img-overlay"
            >
              <h6
                className="card-title"
              >
                Yoshkar-Ola. Tsar's town on Kokshaga River
              </h6>
            </div>
          </a>
        </div>
        <div
          className="col-md-4"
        >
          <a
            className="card bg-dark text-white gallery-image"
            href="/photographs/little-russia"
            onClick={[Function]}
          >
            <img
              alt=""
              className="card-img"
              src="/photographs/2013-09-14_27/2013-09-24_084_large.webp"
            />
            <div
              className="card-img-overlay"
            >
              <h6
                className="card-title"
              >
                Little Russia
              </h6>
            </div>
          </a>
        </div>
        <div
          className="col-md-4"
        >
          <a
            className="card bg-dark text-white gallery-image"
            href="/photographs/marina-alekseeva"
            onClick={[Function]}
          >
            <img
              alt=""
              className="card-img"
              src="/photographs/2013-09-10/2013-09-10_002.webp"
            />
            <div
              className="card-img-overlay"
            >
              <h6
                className="card-title"
              >
                Marina Alekseeva
              </h6>
            </div>
          </a>
        </div>
        <div
          className="col-md-4"
        >
          <a
            className="card bg-dark text-white gallery-image"
            href="/photographs/russian-emirates"
            onClick={[Function]}
          >
            <img
              alt=""
              className="card-img"
              src="/photographs/2012-11-09_21/2012-11-09_21_090_large.webp"
            />
            <div
              className="card-img-overlay"
            >
              <h6
                className="card-title"
              >
                Russian Emirates
              </h6>
            </div>
          </a>
        </div>
        <div
          className="col-md-4"
        >
          <a
            className="card bg-dark text-white gallery-image"
            href="/photographs/golden-age"
            onClick={[Function]}
          >
            <img
              alt=""
              className="card-img"
              src="/photographs/2012-09-14_15/2012-09-14_15_005_large.webp"
            />
            <div
              className="card-img-overlay"
            >
              <h6
                className="card-title"
              >
                Golden Age
              </h6>
            </div>
          </a>
        </div>
        <div
          className="col-md-4"
        >
          <a
            className="card bg-dark text-white gallery-image"
            href="/photographs/imperial-town"
            onClick={[Function]}
          >
            <img
              alt=""
              className="card-img"
              src="/photographs/2012-05-05_09/2012-05-05_09_016_large.webp"
            />
            <div
              className="card-img-overlay"
            >
              <h6
                className="card-title"
              >
                Imperial Town
              </h6>
            </div>
          </a>
        </div>
      </div>
      <h2>
        Time Lapses
      </h2>
      <div
        className="row"
      >
        <div
          className="col-md-4"
        >
          <figure>
            <div
              className="ratio ratio-16x9 gallery-video"
            >
              <iframe
                allowFullScreen={true}
                src="https://player.vimeo.com/video/517763009?title=0&byline=0"
                title="Time Lapses"
              />
            </div>
            <figcaption
              className="video-caption"
            >
              Switzerland Park

Switzerland Park is an enormous green park located on the bank of the Oka River and was founded in 1903. Today, its territory accommodates an amusement park with a panoramic wheel, a zoo, and a bunch of cafes. By the way, Switzerland is not only the name of a country but also a term referring to a landscape of wooded hills. There are at least 190 “Switzerlands” in the world, one of which is in Nizhny Novgorod. The park is 3.5-kilometer long and it makes the location perfect for promenades, sports events, and marathons, often held at the location. The Oka River looks magnificent if viewed from the hills above and adds up to the delightful view gilded by the rays of the falling sun. Sentimentalists hail Nizhny Novgorod as the capital of sunsets not for nothing.
            </figcaption>
          </figure>
        </div>
        <div
          className="col-md-4"
        >
          <figure>
            <div
              className="ratio ratio-16x9 gallery-video"
            >
              <iframe
                allowFullScreen={true}
                src="https://player.vimeo.com/video/517762791?title=0&byline=0"
                title="Time Lapses"
              />
            </div>
            <figcaption
              className="video-caption"
            >
              Zelensky Syezd Street

Construction of the stone Kremlin of Nizhny Novgorod began in 1500 with the building of the Ivanovskaya Tower; the main work commenced in 1508 and by 1515 a grandiose building was completed. The oak walls that formed the old fortifications were destroyed by a huge fire in 1513. The two-kilometer wall was reinforced by 13 towers (one of them – Zachatskaya – was on the shore of the Volga; not preserved, but was rebuilt in 2012). This “Stone City” had a permanent garrison with solid artillery weapons. With the fall of Kazan, Nizhny Novgorod Kremlin lost its military significance, and later it housed the city and provincial authorities.
            </figcaption>
          </figure>
        </div>
        <div
          className="col-md-4"
        >
          <figure>
            <div
              className="ratio ratio-16x9 gallery-video"
            >
              <iframe
                allowFullScreen={true}
                src="https://player.vimeo.com/video/517762848?title=0&byline=0"
                title="Time Lapses"
              />
            </div>
            <figcaption
              className="video-caption"
            >
              Monument to Maxim Gorky

Alexei Maximovich Peshkov popularly known as Maxim Gorky was a Russian writer and political activist. He was nominated five times for the Nobel Prize in Literature. Before his success as an author, he traveled widely across the Russian Empire changing jobs frequently, experiences which would later influence his writing. Gorky was active in the emerging Marxist communist movement. He publicly opposed the Tsarist regime, and for a time closely associated himself with Lenin and Bogdanov's Bolshevik wing of the party.
            </figcaption>
          </figure>
        </div>
        <div
          className="col-md-4"
        >
          <figure>
            <div
              className="ratio ratio-16x9 gallery-video"
            >
              <iframe
                allowFullScreen={true}
                src="https://player.vimeo.com/video/517762962?title=0&byline=0"
                title="Time Lapses"
              />
            </div>
            <figcaption
              className="video-caption"
            >
              Spit of Nizhny Novgorod

The Spit is one of the main natural landmarks in the historical center of Nizhny Novgorod. It is located at the confluence of the Oka and Volga rivers. In the times of the Russian Tsardom, the Spit was the center of the Strelitzky camp of Nizhny Novgorod Uyezd, thereby receiving its name. Later the river port began to form here. 
            </figcaption>
          </figure>
        </div>
        <div
          className="col-md-4"
        >
          <figure>
            <div
              className="ratio ratio-16x9 gallery-video"
            >
              <iframe
                allowFullScreen={true}
                src="https://player.vimeo.com/video/517762910?title=0&byline=0"
                title="Time Lapses"
              />
            </div>
            <figcaption
              className="video-caption"
            >
              The State Bank of Russia

The Nizhny Novgorod branch of the State Bank on Bolshaya Pokrovskaya Street is one of the most beautiful buildings in Nizhny Novgorod and the entire Volga region. It was built in 1913 to commemorate the 300th anniversary of the Romanovs' House. The ceiling in the building, for which the neo-Russian style was chosen, was painted by the famous artist Ivan Bilibin.
            </figcaption>
          </figure>
        </div>
        <div
          className="col-md-4"
        >
          <figure>
            <div
              className="ratio ratio-16x9 gallery-video"
            >
              <iframe
                allowFullScreen={true}
                src="https://player.vimeo.com/video/517762737?title=0&byline=0"
                title="Time Lapses"
              />
            </div>
            <figcaption
              className="video-caption"
            >
              Bolshaya Pokrovskaya Street

Bolshaya Pokrovskaya Street is the high street in the historical center of Nizhny Novgorod and one of its oldest streets. Until 1917 it was considered a street for noblemen. Formed the main street of the city by the end of the 18th century. It is considered an analog of the Arbat in Moscow or 6-7 Lines of Vasilyevsky Island in St. Petersburg.
            </figcaption>
          </figure>
        </div>
      </div>
    </div>
  </main>
  <footer>
    <div
      className="container"
    >
      <hr
        className="footer-divider"
      />
      <ul
        className="piped-links float-end"
      >
        <li
          className="first piped-links-short"
        >
          <a
            href="/resume"
            onClick={[Function]}
          >
            About
          </a>
        </li>
        <li
          className="first piped-links-long"
        >
          <a
            href="/resume"
            onClick={[Function]}
          >
            About Andrey Pudov
          </a>
        </li>
        <li>
          <a
            href="/contact"
            onClick={[Function]}
          >
            Contact
          </a>
        </li>
      </ul>
      <ul
        className="piped-links"
      >
        <p
          className="piped-links-long"
        >
          Copyright © 2022 Andrey Pudov. All rights reserved.
        </p>
        <p
          className="piped-links-short"
        >
          © 2022 Andrey Pudov. All rights reserved.
        </p>
      </ul>
    </div>
    <script
      src="libraries/jquery/jquery-1.11.3.min.js"
    />
    <script
      src="libraries/bootstrap/js/collapse.js"
    />
    <script
      src="libraries/bootstrap/js/dropdown.js"
    />
    <script
      src="libraries/bootstrap/js/transition.js"
    />
    <script
      src="libraries/bootstrap/js/carousel.js"
    />
    <script
      src="scripts/init.js"
    />
  </footer>
</div>
`;
