// Jest Snapshot v1, https://goo.gl/fbAQLP

exports[`renders correctly 1`] = `
<div
  className="layout"
>
  <header>
    <div
      className="container"
    >
      <div
        className="navbar navbar-expand-md navbar-dark"
      >
        <div
          className="container-fluid"
        >
          <a
            className="navbar-brand mx-auto"
            href="/en/"
            onClick={[Function]}
          >
            Andrey Pudov
          </a>
          <button
            aria-controls="navbarMain"
            aria-expanded="false"
            aria-label="Toggle navigation"
            className="navbar-toggler"
            data-bs-target="#navbarMain"
            data-bs-toggle="collapse"
            type="button"
          >
            <span
              className="navbar-toggler-icon"
            />
          </button>
          <div
            className="collapse navbar-collapse justify-content-sm-center"
            id="navbarMain"
          >
            <ul
              className="navbar-nav"
            >
              <li
                className="nav-item"
              >
                <a
                  className="nav-link"
                  href="/en/albums/"
                  onClick={[Function]}
                >
                  Albums
                </a>
              </li>
              <li
                className="nav-item"
              >
                <a
                  className="nav-link"
                  href="/en/contents/"
                  onClick={[Function]}
                >
                  Contents
                </a>
              </li>
              <li
                className="nav-item"
              >
                <a
                  className="nav-link"
                  href="/en/resume/"
                  onClick={[Function]}
                >
                  Resume
                </a>
              </li>
              <li
                className="nav-item"
              >
                <a
                  className="nav-link"
                  href="/en/contact/"
                  onClick={[Function]}
                >
                  Contact
                </a>
              </li>
            </ul>
          </div>
        </div>
      </div>
    </div>
  </header>
  <main>
    <div
      className="container"
    >
      <h1>
        Albums
      </h1>
      <h2>
        Photographs
      </h2>
      <div
        className="row"
      >
        <div
          className="col-md-4"
        >
          <a
            className="card bg-dark text-white gallery-image"
            href="/en/photographs/favorite-photographs/"
            onClick={[Function]}
          >
            <img
              alt=""
              className="card-img album-cover"
              src="/photographs/2017-01-30/2017-01-30_001.webp"
            />
            <div
              className="card-img-overlay"
            >
              <h6
                className="card-title"
              >
                Favorite Photographs
              </h6>
            </div>
          </a>
        </div>
        <div
          className="col-md-4"
        >
          <a
            className="card bg-dark text-white gallery-image"
            href="/en/photographs/set-gorgs/"
            onClick={[Function]}
          >
            <img
              alt=""
              className="card-img album-cover"
              src="/photographs/2023-06-03/2023-06-03_010.webp"
            />
            <div
              className="card-img-overlay"
            >
              <h6
                className="card-title"
              >
                Ruta dels Set Gorgs de Campdevànol
              </h6>
            </div>
          </a>
        </div>
        <div
          className="col-md-4"
        >
          <a
            className="card bg-dark text-white gallery-image"
            href="/en/photographs/barcelona-airport/"
            onClick={[Function]}
          >
            <img
              alt=""
              className="card-img album-cover"
              src="/photographs/2023-05-17/2023-05-17_011.webp"
            />
            <div
              className="card-img-overlay"
            >
              <h6
                className="card-title"
              >
                LEBL Barcelona El Prat International Airport
              </h6>
            </div>
          </a>
        </div>
        <div
          className="col-md-4"
        >
          <a
            className="card bg-dark text-white gallery-image"
            href="/en/photographs/montserrat/"
            onClick={[Function]}
          >
            <img
              alt=""
              className="card-img album-cover"
              src="/photographs/2023-05-07/2023-05-07_027.webp"
            />
            <div
              className="card-img-overlay"
            >
              <h6
                className="card-title"
              >
                Montserrat
              </h6>
            </div>
          </a>
        </div>
        <div
          className="col-md-4"
        >
          <a
            className="card bg-dark text-white gallery-image"
            href="/en/photographs/perpignan/"
            onClick={[Function]}
          >
            <img
              alt=""
              className="card-img album-cover"
              src="/photographs/2022-12-06/2022-12-06_004.webp"
            />
            <div
              className="card-img-overlay"
            >
              <h6
                className="card-title"
              >
                Perpignan
              </h6>
            </div>
          </a>
        </div>
        <div
          className="col-md-4"
        >
          <a
            className="card bg-dark text-white gallery-image"
            href="/en/photographs/els-empedrats-del-montseny/"
            onClick={[Function]}
          >
            <img
              alt=""
              className="card-img album-cover"
              src="/photographs/2022-11-13/2022-11-13_003.webp"
            />
            <div
              className="card-img-overlay"
            >
              <h6
                className="card-title"
              >
                Els Empedrats del Montseny
              </h6>
            </div>
          </a>
        </div>
        <div
          className="col-md-4"
        >
          <a
            className="card bg-dark text-white gallery-image"
            href="/en/photographs/andorra/"
            onClick={[Function]}
          >
            <img
              alt=""
              className="card-img album-cover"
              src="/photographs/2022-10-15_16/2022-10-15_16_006.webp"
            />
            <div
              className="card-img-overlay"
            >
              <h6
                className="card-title"
              >
                Andorra
              </h6>
            </div>
          </a>
        </div>
        <div
          className="col-md-4"
        >
          <a
            className="card bg-dark text-white gallery-image"
            href="/en/photographs/gotheborg/"
            onClick={[Function]}
          >
            <img
              alt=""
              className="card-img album-cover"
              src="/photographs/2022-08-27_09-10/2022-08-27_09-10_103.webp"
            />
            <div
              className="card-img-overlay"
            >
              <h6
                className="card-title"
              >
                Götheborg. Conquering Scandinavia
              </h6>
            </div>
          </a>
        </div>
        <div
          className="col-md-4"
        >
          <a
            className="card bg-dark text-white gallery-image"
            href="/en/photographs/oslo/"
            onClick={[Function]}
          >
            <img
              alt=""
              className="card-img album-cover"
              src="/photographs/2022-08-27_09-10/2022-08-27_09-10_076.webp"
            />
            <div
              className="card-img-overlay"
            >
              <h6
                className="card-title"
              >
                Oslo. Conquering Scandinavia
              </h6>
            </div>
          </a>
        </div>
        <div
          className="col-md-4"
        >
          <a
            className="card bg-dark text-white gallery-image"
            href="/en/photographs/stockholm/"
            onClick={[Function]}
          >
            <img
              alt=""
              className="card-img album-cover"
              src="/photographs/2022-08-27_09-10/2022-08-27_09-10_032.webp"
            />
            <div
              className="card-img-overlay"
            >
              <h6
                className="card-title"
              >
                Stockholm. Conquering Scandinavia
              </h6>
            </div>
          </a>
        </div>
        <div
          className="col-md-4"
        >
          <a
            className="card bg-dark text-white gallery-image"
            href="/en/photographs/puigmal/"
            onClick={[Function]}
          >
            <img
              alt=""
              className="card-img album-cover"
              src="/photographs/2022-08-15/2022-08-15_009.webp"
            />
            <div
              className="card-img-overlay"
            >
              <h6
                className="card-title"
              >
                Puigmal
              </h6>
            </div>
          </a>
        </div>
        <div
          className="col-md-4"
        >
          <a
            className="card bg-dark text-white gallery-image"
            href="/en/photographs/turo-de-lhome/"
            onClick={[Function]}
          >
            <img
              alt=""
              className="card-img album-cover"
              src="/photographs/2022-08-07/2022-08-07_019.webp"
            />
            <div
              className="card-img-overlay"
            >
              <h6
                className="card-title"
              >
                Turó de l'Home
              </h6>
            </div>
          </a>
        </div>
        <div
          className="col-md-4"
        >
          <a
            className="card bg-dark text-white gallery-image"
            href="/en/photographs/castillo-de-mataplana/"
            onClick={[Function]}
          >
            <img
              alt=""
              className="card-img album-cover"
              src="/photographs/2022-07-23_24/2022-07-23_24_008.webp"
            />
            <div
              className="card-img-overlay"
            >
              <h6
                className="card-title"
              >
                Castillo de Mataplana
              </h6>
            </div>
          </a>
        </div>
        <div
          className="col-md-4"
        >
          <a
            className="card bg-dark text-white gallery-image"
            href="/en/photographs/andrey-pudov/"
            onClick={[Function]}
          >
            <img
              alt=""
              className="card-img album-cover"
              src="/photographs/2016-04-16/2016-04-16_002.webp"
            />
            <div
              className="card-img-overlay"
            >
              <h6
                className="card-title"
              >
                Andrey Pudov
              </h6>
            </div>
          </a>
        </div>
        <div
          className="col-md-4"
        >
          <a
            className="card bg-dark text-white gallery-image"
            href="/en/photographs/poblenou-cemetery/"
            onClick={[Function]}
          >
            <img
              alt=""
              className="card-img album-cover"
              src="/photographs/2022-07-08/2022-07-08_002.webp"
            />
            <div
              className="card-img-overlay"
            >
              <h6
                className="card-title"
              >
                Poblenou Cemetery
              </h6>
            </div>
          </a>
        </div>
        <div
          className="col-md-4"
        >
          <a
            className="card bg-dark text-white gallery-image"
            href="/en/photographs/ekaterina-domracheva/"
            onClick={[Function]}
          >
            <img
              alt=""
              className="card-img album-cover"
              src="/photographs/2020-07-19_08-04_kate/2020-07-19_08-04_030.webp"
            />
            <div
              className="card-img-overlay"
            >
              <h6
                className="card-title"
              >
                Ekaterina Domracheva
              </h6>
            </div>
          </a>
        </div>
        <div
          className="col-md-4"
        >
          <a
            className="card bg-dark text-white gallery-image"
            href="/en/photographs/crimea/"
            onClick={[Function]}
          >
            <img
              alt=""
              className="card-img album-cover"
              src="/photographs/2021-07-24_08-02/2021-07-24_08-02_018.webp"
            />
            <div
              className="card-img-overlay"
            >
              <h6
                className="card-title"
              >
                Crimean Holidays
              </h6>
            </div>
          </a>
        </div>
        <div
          className="col-md-4"
        >
          <a
            className="card bg-dark text-white gallery-image"
            href="/en/photographs/altay/"
            onClick={[Function]}
          >
            <img
              alt=""
              className="card-img album-cover"
              src="/photographs/2020-07-19_08-04/2020-07-19_08-04_100.webp"
            />
            <div
              className="card-img-overlay"
            >
              <h6
                className="card-title"
              >
                Altay. Conquering Siberia 2.0
              </h6>
            </div>
          </a>
        </div>
        <div
          className="col-md-4"
        >
          <a
            className="card bg-dark text-white gallery-image"
            href="/en/photographs/irina-domracheva/"
            onClick={[Function]}
          >
            <img
              alt=""
              className="card-img album-cover"
              src="/photographs/2020-05-11/2020-05-11_027.webp"
            />
            <div
              className="card-img-overlay"
            >
              <h6
                className="card-title"
              >
                Irina Domracheva
              </h6>
            </div>
          </a>
        </div>
        <div
          className="col-md-4"
        >
          <a
            className="card bg-dark text-white gallery-image"
            href="/en/photographs/united-states-4.0/"
            onClick={[Function]}
          >
            <img
              alt=""
              className="card-img album-cover"
              src="/photographs/2020-02-29_03-11/2020-02-29_03-11_005.webp"
            />
            <div
              className="card-img-overlay"
            >
              <h6
                className="card-title"
              >
                Conquering America 4.0
              </h6>
            </div>
          </a>
        </div>
        <div
          className="col-md-4"
        >
          <a
            className="card bg-dark text-white gallery-image"
            href="/en/photographs/intel-office/"
            onClick={[Function]}
          >
            <img
              alt=""
              className="card-img album-cover"
              src="/photographs/2020-02-13_14/2020-02-13_14_013.webp"
            />
            <div
              className="card-img-overlay"
            >
              <h6
                className="card-title"
              >
                Intel Office in Nizhny Novgorod
              </h6>
            </div>
          </a>
        </div>
        <div
          className="col-md-4"
        >
          <a
            className="card bg-dark text-white gallery-image"
            href="/en/photographs/nizhny-novgorod/"
            onClick={[Function]}
          >
            <img
              alt=""
              className="card-img album-cover"
              src="/photographs/2017-01-29/2017-01-29_002.webp"
            />
            <div
              className="card-img-overlay"
            >
              <h6
                className="card-title"
              >
                Nizhny Novgorod
              </h6>
            </div>
          </a>
        </div>
        <div
          className="col-md-4"
        >
          <a
            className="card bg-dark text-white gallery-image"
            href="/en/photographs/rekshino/"
            onClick={[Function]}
          >
            <img
              alt=""
              className="card-img album-cover"
              src="/photographs/2019-10-26/2019-10-26_007.webp"
            />
            <div
              className="card-img-overlay"
            >
              <h6
                className="card-title"
              >
                Rekshino
              </h6>
            </div>
          </a>
        </div>
        <div
          className="col-md-4"
        >
          <a
            className="card bg-dark text-white gallery-image"
            href="/en/photographs/formula-sochi-3.0/"
            onClick={[Function]}
          >
            <img
              alt=""
              className="card-img album-cover"
              src="/photographs/2019-09-30/2019-09-30_002.webp"
            />
            <div
              className="card-img-overlay"
            >
              <h6
                className="card-title"
              >
                2019 Formula 1 Russian Grand Prix
              </h6>
            </div>
          </a>
        </div>
        <div
          className="col-md-4"
        >
          <a
            className="card bg-dark text-white gallery-image"
            href="/en/photographs/united-states-3.0/"
            onClick={[Function]}
          >
            <img
              alt=""
              className="card-img album-cover"
              src="/photographs/2019-05-12_05-25/2019-05-12_05-25_001.webp"
            />
            <div
              className="card-img-overlay"
            >
              <h6
                className="card-title"
              >
                Conquering America 3.0
              </h6>
            </div>
          </a>
        </div>
        <div
          className="col-md-4"
        >
          <a
            className="card bg-dark text-white gallery-image"
            href="/en/photographs/alina-cherdakova/"
            onClick={[Function]}
          >
            <img
              alt=""
              className="card-img album-cover"
              src="/photographs/2018-08-18/2018-08-18_013.webp"
            />
            <div
              className="card-img-overlay"
            >
              <h6
                className="card-title"
              >
                Alina Cherdakova
              </h6>
            </div>
          </a>
        </div>
        <div
          className="col-md-4"
        >
          <a
            className="card bg-dark text-white gallery-image"
            href="/en/photographs/tatyana-bysheva/"
            onClick={[Function]}
          >
            <img
              alt=""
              className="card-img album-cover"
              src="/photographs/2017-07-22/2017-07-22_001.webp"
            />
            <div
              className="card-img-overlay"
            >
              <h6
                className="card-title"
              >
                Tatyana Bysheva
              </h6>
            </div>
          </a>
        </div>
        <div
          className="col-md-4"
        >
          <a
            className="card bg-dark text-white gallery-image"
            href="/en/photographs/looking-for-the-wind/"
            onClick={[Function]}
          >
            <img
              alt=""
              className="card-img album-cover"
              src="/photographs/2018-05-27/2018-05-27_005.webp"
            />
            <div
              className="card-img-overlay"
            >
              <h6
                className="card-title"
              >
                Looking for the Wind
              </h6>
            </div>
          </a>
        </div>
        <div
          className="col-md-4"
        >
          <a
            className="card bg-dark text-white gallery-image"
            href="/en/photographs/balloon-festival/"
            onClick={[Function]}
          >
            <img
              alt=""
              className="card-img album-cover"
              src="/photographs/2018-02-24/2018-02-24_002.webp"
            />
            <div
              className="card-img-overlay"
            >
              <h6
                className="card-title"
              >
                Balloon Festival
              </h6>
            </div>
          </a>
        </div>
        <div
          className="col-md-4"
        >
          <a
            className="card bg-dark text-white gallery-image"
            href="/en/photographs/rome-malta/"
            onClick={[Function]}
          >
            <img
              alt=""
              className="card-img album-cover"
              src="/photographs/2017-12-18_2018-01-05/2017-12-18_2018-01-05_022_large.webp"
            />
            <div
              className="card-img-overlay"
            >
              <h6
                className="card-title"
              >
                Conquering Rome and Order of Malta
              </h6>
            </div>
          </a>
        </div>
        <div
          className="col-md-4"
        >
          <a
            className="card bg-dark text-white gallery-image"
            href="/en/photographs/ride-in-rekshino/"
            onClick={[Function]}
          >
            <img
              alt=""
              className="card-img album-cover"
              src="/photographs/2017-10-28/2017-10-28_005.webp"
            />
            <div
              className="card-img-overlay"
            >
              <h6
                className="card-title"
              >
                Ride in Rekshino
              </h6>
            </div>
          </a>
        </div>
        <div
          className="col-md-4"
        >
          <a
            className="card bg-dark text-white gallery-image"
            href="/en/photographs/kira-orlova/"
            onClick={[Function]}
          >
            <img
              alt=""
              className="card-img album-cover"
              src="/photographs/2017-10-22/2017-10-22_016_large.webp"
            />
            <div
              className="card-img-overlay"
            >
              <h6
                className="card-title"
              >
                Kira Orlova
              </h6>
            </div>
          </a>
        </div>
        <div
          className="col-md-4"
        >
          <a
            className="card bg-dark text-white gallery-image"
            href="/en/photographs/ekaterina-malysheva/"
            onClick={[Function]}
          >
            <img
              alt=""
              className="card-img album-cover"
              src="/photographs/2016-04-16/2016-04-16_009.webp"
            />
            <div
              className="card-img-overlay"
            >
              <h6
                className="card-title"
              >
                Ekaterina Malysheva
              </h6>
            </div>
          </a>
        </div>
        <div
          className="col-md-4"
        >
          <a
            className="card bg-dark text-white gallery-image"
            href="/en/photographs/united-states-2.0/"
            onClick={[Function]}
          >
            <img
              alt=""
              className="card-img album-cover"
              src="/photographs/2017-09-09_24/2017-09-09_24_018_large.webp"
            />
            <div
              className="card-img-overlay"
            >
              <h6
                className="card-title"
              >
                Conquering America 2.0
              </h6>
            </div>
          </a>
        </div>
        <div
          className="col-md-4"
        >
          <a
            className="card bg-dark text-white gallery-image"
            href="/en/photographs/strigino/"
            onClick={[Function]}
          >
            <img
              alt=""
              className="card-img album-cover"
              src="/photographs/2017-08-23/2017-08-23_001.webp"
            />
            <div
              className="card-img-overlay"
            >
              <h6
                className="card-title"
              >
                Strigino International Airport
              </h6>
            </div>
          </a>
        </div>
        <div
          className="col-md-4"
        >
          <a
            className="card bg-dark text-white gallery-image"
            href="/en/photographs/maks/"
            onClick={[Function]}
          >
            <img
              alt=""
              className="card-img album-cover"
              src="/photographs/2017-07-22/2017-07-22_013.webp"
            />
            <div
              className="card-img-overlay"
            >
              <h6
                className="card-title"
              >
                MAKS International Aviation and Space Show
              </h6>
            </div>
          </a>
        </div>
        <div
          className="col-md-4"
        >
          <a
            className="card bg-dark text-white gallery-image"
            href="/en/photographs/ramon-palace/"
            onClick={[Function]}
          >
            <img
              alt=""
              className="card-img album-cover"
              src="/photographs/2017-01-07/2017-01-07_001.webp"
            />
            <div
              className="card-img-overlay"
            >
              <h6
                className="card-title"
              >
                Ramon Palace
              </h6>
            </div>
          </a>
        </div>
        <div
          className="col-md-4"
        >
          <a
            className="card bg-dark text-white gallery-image"
            href="/en/photographs/partners-day/"
            onClick={[Function]}
          >
            <img
              alt=""
              className="card-img album-cover"
              src="/photographs/2016-11-09/2016-11-09_010.webp"
            />
            <div
              className="card-img-overlay"
            >
              <h6
                className="card-title"
              >
                Intel Partners Day
              </h6>
            </div>
          </a>
        </div>
        <div
          className="col-md-4"
        >
          <a
            className="card bg-dark text-white gallery-image"
            href="/en/photographs/united-states/"
            onClick={[Function]}
          >
            <img
              alt=""
              className="card-img album-cover"
              src="/photographs/2016-10-15_11-05/2016-10-15_11-05_019_large.webp"
            />
            <div
              className="card-img-overlay"
            >
              <h6
                className="card-title"
              >
                Conquering America
              </h6>
            </div>
          </a>
        </div>
        <div
          className="col-md-4"
        >
          <a
            className="card bg-dark text-white gallery-image"
            href="/en/photographs/kaliningrad/"
            onClick={[Function]}
          >
            <img
              alt=""
              className="card-img album-cover"
              src="/photographs/2016-08-24_30/2016-08-24_30_023_large.webp"
            />
            <div
              className="card-img-overlay"
            >
              <h6
                className="card-title"
              >
                Kaliningrad. The amber capital of the World
              </h6>
            </div>
          </a>
        </div>
        <div
          className="col-md-4"
        >
          <a
            className="card bg-dark text-white gallery-image"
            href="/en/photographs/formula-sochi-2.0/"
            onClick={[Function]}
          >
            <img
              alt=""
              className="card-img album-cover"
              src="/photographs/2016-04-27_05-04/2016-04-27_05-04_002.webp"
            />
            <div
              className="card-img-overlay"
            >
              <h6
                className="card-title"
              >
                2016 Formula 1 Russian Grand Prix
              </h6>
            </div>
          </a>
        </div>
        <div
          className="col-md-4"
        >
          <a
            className="card bg-dark text-white gallery-image"
            href="/en/photographs/intel-products/"
            onClick={[Function]}
          >
            <img
              alt=""
              className="card-img album-cover"
              src="/photographs/2016-04-15/2015-04-12_002.webp"
            />
            <div
              className="card-img-overlay"
            >
              <h6
                className="card-title"
              >
                Intel Software Products
              </h6>
            </div>
          </a>
        </div>
        <div
          className="col-md-4"
        >
          <a
            className="card bg-dark text-white gallery-image"
            href="/en/photographs/lolita-rakhmatova/"
            onClick={[Function]}
          >
            <img
              alt=""
              className="card-img album-cover"
              src="/photographs/2015-12-12/2015-12-12_002.webp"
            />
            <div
              className="card-img-overlay"
            >
              <h6
                className="card-title"
              >
                Lolita Rakhmatova
              </h6>
            </div>
          </a>
        </div>
        <div
          className="col-md-4"
        >
          <a
            className="card bg-dark text-white gallery-image"
            href="/en/photographs/formula-sochi/"
            onClick={[Function]}
          >
            <img
              alt=""
              className="card-img album-cover"
              src="/photographs/2015-10-05_11/2015-10-05_11_064_large.webp"
            />
            <div
              className="card-img-overlay"
            >
              <h6
                className="card-title"
              >
                2015 Formula 1 Russian Grand Prix
              </h6>
            </div>
          </a>
        </div>
        <div
          className="col-md-4"
        >
          <a
            className="card bg-dark text-white gallery-image"
            href="/en/photographs/asia-farakshina/"
            onClick={[Function]}
          >
            <img
              alt=""
              className="card-img album-cover"
              src="/photographs/2015-08-14/2015-08-14_001.webp"
            />
            <div
              className="card-img-overlay"
            >
              <h6
                className="card-title"
              >
                Asia Farakshina
              </h6>
            </div>
          </a>
        </div>
        <div
          className="col-md-4"
        >
          <a
            className="card bg-dark text-white gallery-image"
            href="/en/photographs/lake-baikal/"
            onClick={[Function]}
          >
            <img
              alt=""
              className="card-img album-cover"
              src="/photographs/2015-07-27_08-08/2015-07-27_08-08_035_large.webp"
            />
            <div
              className="card-img-overlay"
            >
              <h6
                className="card-title"
              >
                Lake Baikal
              </h6>
            </div>
          </a>
        </div>
        <div
          className="col-md-4"
        >
          <a
            className="card bg-dark text-white gallery-image"
            href="/en/photographs/lake-baikal-team/"
            onClick={[Function]}
          >
            <img
              alt=""
              className="card-img album-cover"
              src="/photographs/2015-07-27_08-08_2/2015-07-27_08-08_002.webp"
            />
            <div
              className="card-img-overlay"
            >
              <h6
                className="card-title"
              >
                Lake Baikal Team
              </h6>
            </div>
          </a>
        </div>
        <div
          className="col-md-4"
        >
          <a
            className="card bg-dark text-white gallery-image"
            href="/en/photographs/military-museum/"
            onClick={[Function]}
          >
            <img
              alt=""
              className="card-img album-cover"
              src="/photographs/2014-12-21_25_museum/2014-12-21_25_002_large.webp"
            />
            <div
              className="card-img-overlay"
            >
              <h6
                className="card-title"
              >
                Battle Glory of the Urals
              </h6>
            </div>
          </a>
        </div>
        <div
          className="col-md-4"
        >
          <a
            className="card bg-dark text-white gallery-image"
            href="/en/photographs/ekaterinburg/"
            onClick={[Function]}
          >
            <img
              alt=""
              className="card-img album-cover"
              src="/photographs/2014-12-21_25_city/2014-12-21_064_large.webp"
            />
            <div
              className="card-img-overlay"
            >
              <h6
                className="card-title"
              >
                Ekaterinburg. The Picture of City
              </h6>
            </div>
          </a>
        </div>
        <div
          className="col-md-4"
        >
          <a
            className="card bg-dark text-white gallery-image"
            href="/en/photographs/yoshkar-ola/"
            onClick={[Function]}
          >
            <img
              alt=""
              className="card-img album-cover"
              src="/photographs/2014-05-10/2014-05-10_024_large.webp"
            />
            <div
              className="card-img-overlay"
            >
              <h6
                className="card-title"
              >
                Yoshkar-Ola. Tsar's town on Kokshaga River
              </h6>
            </div>
          </a>
        </div>
        <div
          className="col-md-4"
        >
          <a
            className="card bg-dark text-white gallery-image"
            href="/en/photographs/little-russia/"
            onClick={[Function]}
          >
            <img
              alt=""
              className="card-img album-cover"
              src="/photographs/2013-09-14_27/2013-09-24_084_large.webp"
            />
            <div
              className="card-img-overlay"
            >
              <h6
                className="card-title"
              >
                Little Russia
              </h6>
            </div>
          </a>
        </div>
        <div
          className="col-md-4"
        >
          <a
            className="card bg-dark text-white gallery-image"
            href="/en/photographs/marina-alekseeva/"
            onClick={[Function]}
          >
            <img
              alt=""
              className="card-img album-cover"
              src="/photographs/2013-09-10/2013-09-10_002.webp"
            />
            <div
              className="card-img-overlay"
            >
              <h6
                className="card-title"
              >
                Marina Alekseeva
              </h6>
            </div>
          </a>
        </div>
        <div
          className="col-md-4"
        >
          <a
            className="card bg-dark text-white gallery-image"
            href="/en/photographs/vera-klemenova/"
            onClick={[Function]}
          >
            <img
              alt=""
              className="card-img album-cover"
              src="/photographs/2012-07-19/2012-07-19_016_large.webp"
            />
            <div
              className="card-img-overlay"
            >
              <h6
                className="card-title"
              >
                Vera Klemenova
              </h6>
            </div>
          </a>
        </div>
      </div>
      <h2>
        Drawings
      </h2>
      <div
        className="row"
      >
        <div
          className="col-md-4"
        >
          <a
            className="card bg-dark text-white gallery-image"
            href="/en/drawings/watercolor/"
            onClick={[Function]}
          >
            <img
              alt=""
              className="card-img album-cover"
              src="/drawings/watercolor/2021-05-24.webp"
            />
            <div
              className="card-img-overlay"
            >
              <h6
                className="card-title"
              >
                Watercolor
              </h6>
            </div>
          </a>
        </div>
        <div
          className="col-md-4"
        >
          <a
            className="card bg-dark text-white gallery-image"
            href="/en/drawings/soft-pastel/"
            onClick={[Function]}
          >
            <img
              alt=""
              className="card-img album-cover"
              src="/drawings/soft-pastel/2021-01-30.webp"
            />
            <div
              className="card-img-overlay"
            >
              <h6
                className="card-title"
              >
                Soft Pastel
              </h6>
            </div>
          </a>
        </div>
        <div
          className="col-md-4"
        >
          <a
            className="card bg-dark text-white gallery-image"
            href="/en/drawings/pencil-sketches/"
            onClick={[Function]}
          >
            <img
              alt=""
              className="card-img album-cover"
              src="/drawings/pencil-sketches/2020-04-26.webp"
            />
            <div
              className="card-img-overlay"
            >
              <h6
                className="card-title"
              >
                Pencil Sketches
              </h6>
            </div>
          </a>
        </div>
      </div>
      <h2>
        Time Lapses
      </h2>
      <div
        className="row"
      >
        <div
          className="col-md-4"
        >
          <figure>
            <div
              className="ratio ratio-16x9 gallery-video"
            >
              <iframe
                allowFullScreen={true}
                src="https://player.vimeo.com/video/517762737?title=0&byline=0"
                title="Bolshaya Pokrovskaya"
              />
            </div>
          </figure>
        </div>
        <div
          className="col-md-4"
        >
          <figure>
            <div
              className="ratio ratio-16x9 gallery-video"
            >
              <iframe
                allowFullScreen={true}
                src="https://player.vimeo.com/video/517762848?title=0&byline=0"
                title="Monument to Maxim Gorky"
              />
            </div>
          </figure>
        </div>
        <div
          className="col-md-4"
        >
          <figure>
            <div
              className="ratio ratio-16x9 gallery-video"
            >
              <iframe
                allowFullScreen={true}
                src="https://player.vimeo.com/video/517762962?title=0&byline=0"
                title="Spit of Nizhny Novgorod"
              />
            </div>
          </figure>
        </div>
        <div
          className="col-md-4"
        >
          <figure>
            <div
              className="ratio ratio-16x9 gallery-video"
            >
              <iframe
                allowFullScreen={true}
                src="https://player.vimeo.com/video/517762910?title=0&byline=0"
                title="The State Bank of Russia"
              />
            </div>
          </figure>
        </div>
        <div
          className="col-md-4"
        >
          <figure>
            <div
              className="ratio ratio-16x9 gallery-video"
            >
              <iframe
                allowFullScreen={true}
                src="https://player.vimeo.com/video/517763009?title=0&byline=0"
                title="Switzerland Park"
              />
            </div>
          </figure>
        </div>
        <div
          className="col-md-4"
        >
          <figure>
            <div
              className="ratio ratio-16x9 gallery-video"
            >
              <iframe
                allowFullScreen={true}
                src="https://player.vimeo.com/video/517762791?title=0&byline=0"
                title="Zelensky Syezd"
              />
            </div>
          </figure>
        </div>
      </div>
      <h2>
        Articles
      </h2>
      <div
        className="row"
      >
        <div
          className="col-md-4"
        >
          <a
            className="card bg-dark text-white gallery-image"
            href="/en/photographs/russian-emirates/"
            onClick={[Function]}
          >
            <img
              alt=""
              className="card-img album-cover"
              src="/photographs/2012-11-09_21/2012-11-09_21_090_large.webp"
            />
            <div
              className="card-img-overlay"
            >
              <h6
                className="card-title"
              >
                Russian Emirates
              </h6>
            </div>
          </a>
        </div>
        <div
          className="col-md-4"
        >
          <a
            className="card bg-dark text-white gallery-image"
            href="/en/photographs/golden-age/"
            onClick={[Function]}
          >
            <img
              alt=""
              className="card-img album-cover"
              src="/photographs/2012-09-14_15/2012-09-14_15_005_large.webp"
            />
            <div
              className="card-img-overlay"
            >
              <h6
                className="card-title"
              >
                Golden Age
              </h6>
            </div>
          </a>
        </div>
        <div
          className="col-md-4"
        >
          <a
            className="card bg-dark text-white gallery-image"
            href="/en/photographs/imperial-town/"
            onClick={[Function]}
          >
            <img
              alt=""
              className="card-img album-cover"
              src="/photographs/2012-05-05_09/2012-05-05_09_016_large.webp"
            />
            <div
              className="card-img-overlay"
            >
              <h6
                className="card-title"
              >
                Imperial Town
              </h6>
            </div>
          </a>
        </div>
      </div>
    </div>
  </main>
  <footer>
    <div
      className="container"
    >
      <hr
        className="footer-divider"
      />
      <ul
        className="piped-links float-end"
      >
        <li
          className="first piped-links-short"
        >
          <a
            href="/en/resume/"
            onClick={[Function]}
          >
            About
          </a>
        </li>
        <li
          className="first piped-links-long"
        >
          <a
            href="/en/resume/"
            onClick={[Function]}
          >
            About Andrey Pudov
          </a>
        </li>
        <li>
          <a
            href="/en/contact/"
            onClick={[Function]}
          >
            Contact
          </a>
        </li>
      </ul>
      <ul
        className="piped-links"
      >
        <p
          className="piped-links-long"
        >
          Copyright © 2023 Andrey Pudov. All rights reserved.
        </p>
        <p
          className="piped-links-short"
        >
          © 2023 Andrey Pudov. All rights reserved.
        </p>
      </ul>
    </div>
  </footer>
</div>
`;
