// Jest Snapshot v1, https://goo.gl/fbAQLP

exports[`renders correctly 1`] = `
<div
  className="layout"
>
  <header>
    <div
      className="container"
    >
      <div
        className="navbar navbar-expand-md navbar-dark"
      >
        <div
          className="container-fluid"
        >
          <a
            className="navbar-brand mx-auto"
            href="/"
            onClick={[Function]}
          >
            Andrey Pudov
          </a>
          <button
            aria-controls="navbarMain"
            aria-expanded="false"
            aria-label="Toggle navigation"
            className="navbar-toggler"
            data-bs-target="#navbarMain"
            data-bs-toggle="collapse"
            type="button"
          >
            <span
              className="navbar-toggler-icon"
            />
          </button>
          <div
            className="collapse navbar-collapse justify-content-sm-center"
            id="navbarMain"
          >
            <ul
              className="navbar-nav"
            >
              <li
                className="nav-item"
              >
                <a
                  className="nav-link"
                  href="/albums"
                  onClick={[Function]}
                >
                  Albums
                </a>
              </li>
              <li
                className="nav-item"
              >
                <a
                  className="nav-link"
                  href="/contents"
                  onClick={[Function]}
                >
                  Contents
                </a>
              </li>
              <li
                className="nav-item"
              >
                <a
                  className="nav-link"
                  href="/resume"
                  onClick={[Function]}
                >
                  Resume
                </a>
              </li>
              <li
                className="nav-item"
              >
                <a
                  className="nav-link"
                  href="/contact"
                  onClick={[Function]}
                >
                  Contact
                </a>
              </li>
            </ul>
          </div>
        </div>
      </div>
    </div>
  </header>
  <main>
    <div
      className="container"
    >
      <h1>
        Contents
      </h1>
      <ol
        className="contents"
      >
        <li>
          <h2>
            Articles
          </h2>
        </li>
        <li>
          <a
            href="/photographs/russian-emirates"
            onClick={[Function]}
          >
            Russian Emirates
            <small>
              Wednesday, November 21, 2012
            </small>
          </a>
        </li>
        <li>
          <a
            href="/photographs/golden-age"
            onClick={[Function]}
          >
            Golden Age
            <small>
              Saturday, September 15, 2012
            </small>
          </a>
        </li>
        <li>
          <a
            href="/photographs/imperial-town"
            onClick={[Function]}
          >
            Imperial Town
            <small>
              Wednesday, May 9, 2012
            </small>
          </a>
        </li>
      </ol>
      <ol
        className="contents"
      >
        <li>
          <h2>
            Photographs
          </h2>
        </li>
        <li>
          <a
            href="/photographs/favorite-photographs"
            onClick={[Function]}
          >
            Favorite Photographs
            <small>
              Saturday, July 24, 2021
            </small>
          </a>
        </li>
        <li>
          <a
            href="/photographs/andrey-pudov"
            onClick={[Function]}
          >
            Andrey Pudov
            <small>
              Saturday, July 9, 2022
            </small>
          </a>
        </li>
        <li>
          <a
            href="/photographs/crimea"
            onClick={[Function]}
          >
            Crimean Holidays
            <small>
              Monday, August 2, 2021
            </small>
          </a>
        </li>
        <li>
          <a
            href="/photographs/altay"
            onClick={[Function]}
          >
            Altay. Conquering Siberia 2.0
            <small>
              Monday, August 24, 2020
            </small>
          </a>
        </li>
        <li>
          <a
            href="/photographs/nizhny-novgorod"
            onClick={[Function]}
          >
            Nizhny Novgorod
            <small>
              Tuesday, July 16, 2019
            </small>
          </a>
        </li>
        <li>
          <a
            href="/photographs/rekshino"
            onClick={[Function]}
          >
            Rekshino
            <small>
              Saturday, October 26, 2019
            </small>
          </a>
        </li>
        <li>
          <a
            href="/photographs/alina-cherdakova"
            onClick={[Function]}
          >
            Alina Cherdakova
            <small>
              Saturday, August 18, 2018
            </small>
          </a>
        </li>
        <li>
          <a
            href="/photographs/balloon-festival"
            onClick={[Function]}
          >
            Balloon Festival
            <small>
              Saturday, February 24, 2018
            </small>
          </a>
        </li>
        <li>
          <a
            href="/photographs/rome-malta"
            onClick={[Function]}
          >
            Conquering Rome and Order of Malta
            <small>
              Friday, January 5, 2018
            </small>
          </a>
        </li>
        <li>
          <a
            href="/photographs/kira-orlova"
            onClick={[Function]}
          >
            Kira Orlova
            <small>
              Sunday, October 22, 2017
            </small>
          </a>
        </li>
        <li>
          <a
            href="/photographs/united-states-2.0"
            onClick={[Function]}
          >
            Conquering America 2.0
            <small>
              Sunday, September 24, 2017
            </small>
          </a>
        </li>
        <li>
          <a
            href="/photographs/strigino"
            onClick={[Function]}
          >
            Strigino International Airport
            <small>
              Wednesday, August 23, 2017
            </small>
          </a>
        </li>
        <li>
          <a
            href="/photographs/maks"
            onClick={[Function]}
          >
            MAKS International Aviation and Space Show
            <small>
              Saturday, July 22, 2017
            </small>
          </a>
        </li>
        <li>
          <a
            href="/photographs/tatyana-bysheva"
            onClick={[Function]}
          >
            Tatyana Bysheva
            <small>
              Saturday, July 22, 2017
            </small>
          </a>
        </li>
        <li>
          <a
            href="/photographs/time-lapses"
            onClick={[Function]}
          >
            Time Lapses
            <small>
              Friday, April 14, 2017
            </small>
          </a>
        </li>
        <li>
          <a
            href="/photographs/ramon-palace"
            onClick={[Function]}
          >
            Ramon Palace
            <small>
              Saturday, January 7, 2017
            </small>
          </a>
        </li>
        <li>
          <a
            href="/photographs/partners-day"
            onClick={[Function]}
          >
            Intel Partners Day
            <small>
              Wednesday, November 9, 2016
            </small>
          </a>
        </li>
        <li>
          <a
            href="/photographs/united-states"
            onClick={[Function]}
          >
            Conquering America
            <small>
              Saturday, November 5, 2016
            </small>
          </a>
        </li>
        <li>
          <a
            href="/photographs/kaliningrad"
            onClick={[Function]}
          >
            Kaliningrad. The amber capital of the World
            <small>
              Tuesday, August 30, 2016
            </small>
          </a>
        </li>
        <li>
          <a
            href="/photographs/formula-sochi-2.0"
            onClick={[Function]}
          >
            2016 Formula 1 Russian Grand Prix
            <small>
              Wednesday, May 4, 2016
            </small>
          </a>
        </li>
        <li>
          <a
            href="/photographs/lolita-rakhmatova"
            onClick={[Function]}
          >
            Lolita Rakhmatova
            <small>
              Saturday, December 12, 2015
            </small>
          </a>
        </li>
        <li>
          <a
            href="/photographs/intel-products"
            onClick={[Function]}
          >
            Intel Software Products
            <small>
              Friday, April 15, 2016
            </small>
          </a>
        </li>
        <li>
          <a
            href="/photographs/formula-sochi"
            onClick={[Function]}
          >
            2015 Formula 1 Russian Grand Prix
            <small>
              Sunday, October 11, 2015
            </small>
          </a>
        </li>
        <li>
          <a
            href="/photographs/asia-farakshina"
            onClick={[Function]}
          >
            Asia Farakshina
            <small>
              Friday, August 14, 2015
            </small>
          </a>
        </li>
        <li>
          <a
            href="/photographs/lake-baikal"
            onClick={[Function]}
          >
            Lake Baikal
            <small>
              Saturday, August 8, 2015
            </small>
          </a>
        </li>
        <li>
          <a
            href="/photographs/lake-baikal-team"
            onClick={[Function]}
          >
            Lake Baikal Team
            <small>
              Saturday, August 8, 2015
            </small>
          </a>
        </li>
        <li>
          <a
            href="/photographs/military-museum"
            onClick={[Function]}
          >
            Battle Glory of the Urals
            <small>
              Thursday, December 25, 2014
            </small>
          </a>
        </li>
        <li>
          <a
            href="/photographs/ekaterinburg"
            onClick={[Function]}
          >
            Ekaterinburg. The Picture of City
            <small>
              Thursday, December 25, 2014
            </small>
          </a>
        </li>
        <li>
          <a
            href="/photographs/yoshkar-ola"
            onClick={[Function]}
          >
            Yoshkar-Ola. Tsar's town on Kokshaga River
            <small>
              Saturday, May 10, 2014
            </small>
          </a>
        </li>
        <li>
          <a
            href="/photographs/little-russia"
            onClick={[Function]}
          >
            Little Russia
            <small>
              Friday, September 27, 2013
            </small>
          </a>
        </li>
        <li>
          <a
            href="/photographs/marina-alekseeva"
            onClick={[Function]}
          >
            Marina Alekseeva
            <small>
              Tuesday, September 10, 2013
            </small>
          </a>
        </li>
      </ol>
      <ol
        className="contents"
      >
        <li>
          <h2>
            Drawings
          </h2>
        </li>
        <li>
          <a
            href="/drawings/soft-pastel"
            onClick={[Function]}
          >
            Soft Pastel
            <small>
              Monday, November 1, 2021
            </small>
          </a>
        </li>
        <li>
          <a
            href="/drawings/pencil-sketches"
            onClick={[Function]}
          >
            Pencil Sketches
            <small>
              Thursday, July 16, 2020
            </small>
          </a>
        </li>
      </ol>
      <ol
        className="contents"
      >
        <li>
          <h2>
            Performances
          </h2>
        </li>
        <li>
          <a
            href="/performances/gravity-falls"
            onClick={[Function]}
          >
            Gravity Falls
            <small>
              Monday, January 18, 2021
            </small>
          </a>
        </li>
        <li>
          <a
            href="/performances/cure-for-wellness"
            onClick={[Function]}
          >
            A Cure for Wellness
            <small>
              Saturday, March 17, 2018
            </small>
          </a>
        </li>
        <li>
          <a
            href="/performances/mia-and-sebastian"
            onClick={[Function]}
          >
            Mia & Sebastian
            <small>
              Thursday, September 7, 2017
            </small>
          </a>
        </li>
      </ol>
      <ol
        className="contents"
      >
        <li>
          <h2>
            Projects
          </h2>
        </li>
        <li>
          <a
            href="https://github.com/andreypudov/paragliding-weather"
            rel="noreferrer"
            target="_blank"
          >
            Paragliding Weather
            <small>
              Wednesday, January 6, 2021
            </small>
          </a>
        </li>
        <li>
          <a
            href="https://github.com/andreypudov/timetable"
            rel="noreferrer"
            target="_blank"
          >
            Timetable
            <small>
              Wednesday, January 6, 2021
            </small>
          </a>
        </li>
        <li>
          <a
            href="https://github.com/andreypudov/algorithms"
            rel="noreferrer"
            target="_blank"
          >
            Laboratory of Algorithms
            <small>
              Tuesday, July 10, 2018
            </small>
          </a>
        </li>
        <li>
          <a
            href="https://github.com/andreypudov/openweatherjs"
            rel="noreferrer"
            target="_blank"
          >
            OpenWeatherJS
            <small>
              Wednesday, October 24, 2018
            </small>
          </a>
        </li>
      </ol>
    </div>
  </main>
  <footer>
    <div
      className="container"
    >
      <hr
        className="footer-divider"
      />
      <ul
        className="piped-links float-end"
      >
        <li
          className="first piped-links-short"
        >
          <a
            href="/resume"
            onClick={[Function]}
          >
            About
          </a>
        </li>
        <li
          className="first piped-links-long"
        >
          <a
            href="/resume"
            onClick={[Function]}
          >
            About Andrey Pudov
          </a>
        </li>
        <li>
          <a
            href="/contact"
            onClick={[Function]}
          >
            Contact
          </a>
        </li>
      </ul>
      <ul
        className="piped-links"
      >
        <p
          className="piped-links-long"
        >
          Copyright © 2022 Andrey Pudov. All rights reserved.
        </p>
        <p
          className="piped-links-short"
        >
          © 2022 Andrey Pudov. All rights reserved.
        </p>
      </ul>
    </div>
    <script
      src="libraries/jquery/jquery-1.11.3.min.js"
    />
    <script
      src="libraries/bootstrap/js/collapse.js"
    />
    <script
      src="libraries/bootstrap/js/dropdown.js"
    />
    <script
      src="libraries/bootstrap/js/transition.js"
    />
    <script
      src="libraries/bootstrap/js/carousel.js"
    />
    <script
      src="scripts/init.js"
    />
  </footer>
</div>
`;
