// Jest Snapshot v1, https://goo.gl/fbAQLP

exports[`renders correctly 1`] = `
<div
  className="layout"
>
  <header>
    <div
      className="container"
    >
      <div
        className="navbar navbar-expand-md navbar-dark"
      >
        <div
          className="container-fluid"
        >
          <a
            className="navbar-brand mx-auto"
            href="/en/"
            onClick={[Function]}
          >
            Header.AndreyPudov
          </a>
          <button
            aria-controls="navbarMain"
            aria-expanded="false"
            aria-label="Toggle navigation"
            className="navbar-toggler"
            data-bs-target="#navbarMain"
            data-bs-toggle="collapse"
            type="button"
          >
            <span
              className="navbar-toggler-icon"
            />
          </button>
          <div
            className="collapse navbar-collapse justify-content-sm-center"
            id="navbarMain"
          >
            <ul
              className="navbar-nav"
            >
              <li
                className="nav-item"
              >
                <a
                  className="nav-link"
                  href="/en/albums/"
                  onClick={[Function]}
                >
                  Albums
                </a>
              </li>
              <li
                className="nav-item"
              >
                <a
                  className="nav-link"
                  href="/en/contents/"
                  onClick={[Function]}
                >
                  Contents
                </a>
              </li>
              <li
                className="nav-item"
              >
                <a
                  className="nav-link"
                  href="/en/resume/"
                  onClick={[Function]}
                >
                  Resume
                </a>
              </li>
              <li
                className="nav-item"
              >
                <a
                  className="nav-link"
                  href="/en/contact/"
                  onClick={[Function]}
                >
                  Contact
                </a>
              </li>
            </ul>
          </div>
        </div>
      </div>
    </div>
  </header>
  <main>
    <div
      className="carousel slide"
      data-bs-ride="carousel"
      id="homeCarousel"
    >
      <ol
        className="carousel-indicators"
      >
        <button
          aria-current="true"
          className="active"
          data-bs-slide-to="0"
          data-bs-target="#homeCarousel"
          type="button"
        />
        <button
          data-bs-slide-to="1"
          data-bs-target="#homeCarousel"
          type="button"
        />
        <button
          data-bs-slide-to="2"
          data-bs-target="#homeCarousel"
          type="button"
        />
      </ol>
      <div
        className="carousel-inner"
      >
        <a
          className="carousel-item active"
          href="/en/photographs/crimea/"
          onClick={[Function]}
        >
          <img
            alt="Crimean Holidays"
            className="d-block w-100"
            src="/images/carousel/crimea.webp"
          />
          <div
            className="carousel-caption d-none d-md-block"
          >
            <h5>
              Crimean Holidays
            </h5>
          </div>
        </a>
        <a
          className="carousel-item "
          href="/en/photographs/altay/"
          onClick={[Function]}
        >
          <img
            alt="Altay. Conquering Siberia 2.0"
            className="d-block w-100"
            src="/images/carousel/altay.webp"
          />
          <div
            className="carousel-caption d-none d-md-block"
          >
            <h5>
              Altay. Conquering Siberia 2.0
            </h5>
          </div>
        </a>
        <a
          className="carousel-item "
          href="/en/photographs/rome-malta/"
          onClick={[Function]}
        >
          <img
            alt="Conquering Rome and Order of Malta"
            className="d-block w-100"
            src="/images/carousel/rome-malta.webp"
          />
          <div
            className="carousel-caption d-none d-md-block"
          >
            <h5>
              Conquering Rome and Order of Malta
            </h5>
          </div>
        </a>
      </div>
      <button
        className="carousel-control-prev"
        data-bs-slide="prev"
        data-bs-target="#homeCarousel"
        type="button"
      >
        <span
          aria-hidden="true"
          className="carousel-control-prev-icon"
        />
        <span
          className="visually-hidden"
        >
          Home.Previous
        </span>
      </button>
      <button
        className="carousel-control-next"
        data-bs-slide="next"
        data-bs-target="#homeCarousel"
        type="button"
      >
        <span
          aria-hidden="true"
          className="carousel-control-next-icon"
        />
        <span
          className="visually-hidden"
        >
          Home.Next
        </span>
      </button>
    </div>
    <div
      className="marketing marketing-image"
    >
      <div
        className="row"
      >
        <div
          className="col-sm-3"
        >
          <a
            href="/en/photographs/favorite-photographs/"
            onClick={[Function]}
          >
            <img
              alt="Favorite Photographs"
              className="img-fluid"
              src="/photographs/2015-07-27_08-08/2015-07-27_08-08_022_large.webp"
            />
          </a>
        </div>
        <div
          className="col-sm-3"
        >
          <a
            href="/en/photographs/ordesa/"
            onClick={[Function]}
          >
            <img
              alt="Ordesa and Monte Perdido National Park"
              className="img-fluid"
              src="/photographs/2023-11-18/2023-11-18_002.webp"
            />
          </a>
        </div>
        <div
          className="col-sm-3"
        >
          <a
            href="/en/photographs/madrid/"
            onClick={[Function]}
          >
            <img
              alt="Madrid"
              className="img-fluid"
              src="/photographs/2023-10-06_08/2023-10-06_08_003.webp"
            />
          </a>
        </div>
        <div
          className="col-sm-3"
        >
          <a
            href="/en/photographs/grapebusters/"
            onClick={[Function]}
          >
            <img
              alt="Grapebusters"
              className="img-fluid"
              src="/photographs/2023-09-25/2023-09-25_002.webp"
            />
          </a>
        </div>
      </div>
    </div>
  </main>
  <footer>
    <div
      className="container"
    >
      <ul
        className="piped-links float-end"
      >
        <li
          className="first piped-links-short"
        >
          <a
            href="/en/resume/"
            onClick={[Function]}
          >
            About
          </a>
        </li>
        <li
          className="first piped-links-long"
        >
          <a
            href="/en/resume/"
            onClick={[Function]}
          >
            About Andrey Pudov
          </a>
        </li>
        <li>
          <a
            href="/en/contact/"
            onClick={[Function]}
          >
            Contact
          </a>
        </li>
      </ul>
      <ul
        className="piped-links"
      >
        <p
          className="piped-links-long"
        >
          Copyright © 2023 Andrey Pudov. All rights reserved.
        </p>
        <p
          className="piped-links-short"
        >
          © 2023 Andrey Pudov. All rights reserved.
        </p>
      </ul>
    </div>
  </footer>
</div>
`;
