// Jest Snapshot v1, https://goo.gl/fbAQLP

exports[`renders correctly 1`] = `
<div
  className="layout"
>
  <header>
    <div
      className="container"
    >
      <div
        className="navbar navbar-expand-md navbar-dark"
      >
        <div
          className="container-fluid"
        >
          <a
            className="navbar-brand mx-auto"
            href="/en/"
            onClick={[Function]}
          >
            Header.AndreyPudov
          </a>
          <button
            aria-controls="navbarMain"
            aria-expanded="false"
            aria-label="Toggle navigation"
            className="navbar-toggler"
            data-bs-target="#navbarMain"
            data-bs-toggle="collapse"
            type="button"
          >
            <span
              className="navbar-toggler-icon"
            />
          </button>
          <div
            className="collapse navbar-collapse justify-content-sm-center"
            id="navbarMain"
          >
            <ul
              className="navbar-nav"
            >
              <li
                className="nav-item"
              >
                <a
                  className="nav-link"
                  href="/en/albums/"
                  onClick={[Function]}
                >
                  Albums
                </a>
              </li>
              <li
                className="nav-item"
              >
                <a
                  className="nav-link"
                  href="/en/contents/"
                  onClick={[Function]}
                >
                  Contents
                </a>
              </li>
              <li
                className="nav-item"
              >
                <a
                  className="nav-link"
                  href="/en/resume/"
                  onClick={[Function]}
                >
                  Resume
                </a>
              </li>
              <li
                className="nav-item"
              >
                <a
                  className="nav-link"
                  href="/en/contact/"
                  onClick={[Function]}
                >
                  Contact
                </a>
              </li>
            </ul>
          </div>
        </div>
      </div>
    </div>
  </header>
  <main>
    <div
      className="carousel slide"
      data-bs-ride="carousel"
      id="homeCarousel"
    >
      <ol
        className="carousel-indicators"
      >
        <button
          aria-current="true"
          className="active"
          data-bs-slide-to="0"
          data-bs-target="#homeCarousel"
          type="button"
        />
        <button
          data-bs-slide-to="1"
          data-bs-target="#homeCarousel"
          type="button"
        />
        <button
          data-bs-slide-to="2"
          data-bs-target="#homeCarousel"
          type="button"
        />
        <button
          data-bs-slide-to="3"
          data-bs-target="#homeCarousel"
          type="button"
        />
      </ol>
      <div
        className="carousel-inner"
      >
        <a
          className="carousel-item active"
          href="/en/photographs/ekaterina-domracheva/"
          onClick={[Function]}
        >
          <img
            alt="Ekaterina Domracheva"
            className="d-block w-100"
            src="/images/carousel/ekaterina-domracheva.webp"
          />
          <div
            className="carousel-caption d-none d-md-block"
          >
            <h5>
              Ekaterina Domracheva
            </h5>
          </div>
        </a>
        <a
          className="carousel-item "
          href="/en/photographs/alina-cherdakova/"
          onClick={[Function]}
        >
          <img
            alt="Alina Cherdakova"
            className="d-block w-100"
            src="/images/carousel/alina-cherdakova.webp"
          />
          <div
            className="carousel-caption d-none d-md-block"
          >
            <h5>
              Alina Cherdakova
            </h5>
          </div>
        </a>
        <a
          className="carousel-item "
          href="/en/photographs/kira-orlova/"
          onClick={[Function]}
        >
          <img
            alt="Kira Orlova"
            className="d-block w-100"
            src="/photographs/2017-10-22/2017-10-22_016_large.webp"
          />
          <div
            className="carousel-caption d-none d-md-block"
          >
            <h5>
              Kira Orlova
            </h5>
          </div>
        </a>
        <a
          className="carousel-item "
          href="/en/photographs/ekaterina-malysheva/"
          onClick={[Function]}
        >
          <img
            alt="Ekaterina Malysheva"
            className="d-block w-100"
            src="/photographs/2016-04-16/2016-04-16_009.webp"
          />
          <div
            className="carousel-caption d-none d-md-block"
          >
            <h5>
              Ekaterina Malysheva
            </h5>
          </div>
        </a>
      </div>
      <button
        className="carousel-control-prev"
        data-bs-slide="prev"
        data-bs-target="#homeCarousel"
        type="button"
      >
        <span
          aria-hidden="true"
          className="carousel-control-prev-icon"
        />
        <span
          className="visually-hidden"
        >
          Home.Previous
        </span>
      </button>
      <button
        className="carousel-control-next"
        data-bs-slide="next"
        data-bs-target="#homeCarousel"
        type="button"
      >
        <span
          aria-hidden="true"
          className="carousel-control-next-icon"
        />
        <span
          className="visually-hidden"
        >
          Home.Next
        </span>
      </button>
    </div>
    <div
      className="marketing marketing-image"
    >
      <div
        className="row"
      >
        <div
          className="col-sm-3"
        >
          <a
            href="/en/photographs/favorite-photographs/"
            onClick={[Function]}
          >
            <img
              alt="Favorite Photographs"
              className="img-fluid"
              src="/photographs/2015-07-27_08-08/2015-07-27_08-08_022_large.webp"
            />
          </a>
        </div>
        <div
          className="col-sm-3"
        >
          <a
            href="/en/photographs/ebro/"
            onClick={[Function]}
          >
            <img
              alt="Delta of Ebro"
              className="img-fluid"
              src="/photographs/2023-06-16_18/2023-06-16_18_011.webp"
            />
          </a>
        </div>
        <div
          className="col-sm-3"
        >
          <a
            href="/en/photographs/set-gorgs/"
            onClick={[Function]}
          >
            <img
              alt="Ruta dels Set Gorgs de Campdevànol"
              className="img-fluid"
              src="/photographs/2023-06-03/2023-06-03_010.webp"
            />
          </a>
        </div>
        <div
          className="col-sm-3"
        >
          <a
            href="/en/photographs/barcelona-airport/"
            onClick={[Function]}
          >
            <img
              alt="LEBL Barcelona El Prat International Airport"
              className="img-fluid"
              src="/photographs/2023-05-17/2023-05-17_011.webp"
            />
          </a>
        </div>
      </div>
    </div>
  </main>
  <footer>
    <div
      className="container"
    >
      <ul
        className="piped-links float-end"
      >
        <li
          className="first piped-links-short"
        >
          <a
            href="/en/resume/"
            onClick={[Function]}
          >
            About
          </a>
        </li>
        <li
          className="first piped-links-long"
        >
          <a
            href="/en/resume/"
            onClick={[Function]}
          >
            About Andrey Pudov
          </a>
        </li>
        <li>
          <a
            href="/en/contact/"
            onClick={[Function]}
          >
            Contact
          </a>
        </li>
      </ul>
      <ul
        className="piped-links"
      >
        <p
          className="piped-links-long"
        >
          Copyright © 2023 Andrey Pudov. All rights reserved.
        </p>
        <p
          className="piped-links-short"
        >
          © 2023 Andrey Pudov. All rights reserved.
        </p>
      </ul>
    </div>
  </footer>
</div>
`;
